<?xml version="1.0" encoding="ISO-8859-1" ?>
<link_info>
   <banner>TI ARM Linker PC v18.1.3.LTS</banner>
   <copyright>Copyright (c) 1996-2017 Texas Instruments Incorporated</copyright>
   <link_time>0x5ffb9c94</link_time>
   <link_errors>0x0</link_errors>
   <output_file>GVSU_LakerRacing_Dashboard.out</output_file>
   <entry_point>
      <name>_c_int00_noargs</name>
      <address>0xf01</address>
   </entry_point>
   <input_file_list>
      <input_file id="fl-2">
         <path>.\</path>
         <kind>object</kind>
         <file>main.obj</file>
         <name>main.obj</name>
      </input_file>
      <input_file id="fl-3">
         <path>.\</path>
         <kind>object</kind>
         <file>startup_msp432p401r_ccs.obj</file>
         <name>startup_msp432p401r_ccs.obj</name>
      </input_file>
      <input_file id="fl-4">
         <path>.\</path>
         <kind>object</kind>
         <file>system_msp432p401r.obj</file>
         <name>system_msp432p401r.obj</name>
      </input_file>
      <input_file id="fl-5">
         <path>.\driverlib_files\</path>
         <kind>object</kind>
         <file>adc14.obj</file>
         <name>adc14.obj</name>
      </input_file>
      <input_file id="fl-6">
         <path>.\driverlib_files\</path>
         <kind>object</kind>
         <file>aes256.obj</file>
         <name>aes256.obj</name>
      </input_file>
      <input_file id="fl-7">
         <path>.\driverlib_files\</path>
         <kind>object</kind>
         <file>comp_e.obj</file>
         <name>comp_e.obj</name>
      </input_file>
      <input_file id="fl-8">
         <path>.\driverlib_files\</path>
         <kind>object</kind>
         <file>cpu.obj</file>
         <name>cpu.obj</name>
      </input_file>
      <input_file id="fl-9">
         <path>.\driverlib_files\</path>
         <kind>object</kind>
         <file>crc32.obj</file>
         <name>crc32.obj</name>
      </input_file>
      <input_file id="fl-a">
         <path>.\driverlib_files\</path>
         <kind>object</kind>
         <file>cs.obj</file>
         <name>cs.obj</name>
      </input_file>
      <input_file id="fl-b">
         <path>.\driverlib_files\</path>
         <kind>object</kind>
         <file>dma.obj</file>
         <name>dma.obj</name>
      </input_file>
      <input_file id="fl-c">
         <path>.\driverlib_files\</path>
         <kind>object</kind>
         <file>flash.obj</file>
         <name>flash.obj</name>
      </input_file>
      <input_file id="fl-d">
         <path>.\driverlib_files\</path>
         <kind>object</kind>
         <file>fpu.obj</file>
         <name>fpu.obj</name>
      </input_file>
      <input_file id="fl-e">
         <path>.\driverlib_files\</path>
         <kind>object</kind>
         <file>gpio.obj</file>
         <name>gpio.obj</name>
      </input_file>
      <input_file id="fl-f">
         <path>.\driverlib_files\</path>
         <kind>object</kind>
         <file>i2c.obj</file>
         <name>i2c.obj</name>
      </input_file>
      <input_file id="fl-10">
         <path>.\driverlib_files\</path>
         <kind>object</kind>
         <file>interrupt.obj</file>
         <name>interrupt.obj</name>
      </input_file>
      <input_file id="fl-11">
         <path>.\driverlib_files\</path>
         <kind>object</kind>
         <file>mpu.obj</file>
         <name>mpu.obj</name>
      </input_file>
      <input_file id="fl-12">
         <path>.\driverlib_files\</path>
         <kind>object</kind>
         <file>pcm.obj</file>
         <name>pcm.obj</name>
      </input_file>
      <input_file id="fl-13">
         <path>.\driverlib_files\</path>
         <kind>object</kind>
         <file>pmap.obj</file>
         <name>pmap.obj</name>
      </input_file>
      <input_file id="fl-14">
         <path>.\driverlib_files\</path>
         <kind>object</kind>
         <file>pss.obj</file>
         <name>pss.obj</name>
      </input_file>
      <input_file id="fl-15">
         <path>.\driverlib_files\</path>
         <kind>object</kind>
         <file>ref_a.obj</file>
         <name>ref_a.obj</name>
      </input_file>
      <input_file id="fl-16">
         <path>.\driverlib_files\</path>
         <kind>object</kind>
         <file>reset.obj</file>
         <name>reset.obj</name>
      </input_file>
      <input_file id="fl-17">
         <path>.\driverlib_files\</path>
         <kind>object</kind>
         <file>rtc_c.obj</file>
         <name>rtc_c.obj</name>
      </input_file>
      <input_file id="fl-18">
         <path>.\driverlib_files\</path>
         <kind>object</kind>
         <file>spi.obj</file>
         <name>spi.obj</name>
      </input_file>
      <input_file id="fl-19">
         <path>.\driverlib_files\</path>
         <kind>object</kind>
         <file>sysctl.obj</file>
         <name>sysctl.obj</name>
      </input_file>
      <input_file id="fl-1a">
         <path>.\driverlib_files\</path>
         <kind>object</kind>
         <file>systick.obj</file>
         <name>systick.obj</name>
      </input_file>
      <input_file id="fl-1b">
         <path>.\driverlib_files\</path>
         <kind>object</kind>
         <file>timer32.obj</file>
         <name>timer32.obj</name>
      </input_file>
      <input_file id="fl-1c">
         <path>.\driverlib_files\</path>
         <kind>object</kind>
         <file>timer_a.obj</file>
         <name>timer_a.obj</name>
      </input_file>
      <input_file id="fl-1d">
         <path>.\driverlib_files\</path>
         <kind>object</kind>
         <file>uart.obj</file>
         <name>uart.obj</name>
      </input_file>
      <input_file id="fl-1e">
         <path>.\driverlib_files\</path>
         <kind>object</kind>
         <file>wdt_a.obj</file>
         <name>wdt_a.obj</name>
      </input_file>
      <input_file id="fl-26">
         <kind>object</kind>
         <file>&lt;internal&gt;</file>
         <name>&lt;internal&gt;</name>
      </input_file>
      <input_file id="fl-dc">
         <path>C:\ti\ccsv8\tools\compiler\ti-cgt-arm_18.1.3.LTS\lib\</path>
         <kind>archive</kind>
         <file>rtsv7M4_T_le_v4SPD16_eabi.lib</file>
         <name>fd_div_t2.asm.obj</name>
      </input_file>
      <input_file id="fl-dd">
         <path>C:\ti\ccsv8\tools\compiler\ti-cgt-arm_18.1.3.LTS\lib\</path>
         <kind>archive</kind>
         <file>rtsv7M4_T_le_v4SPD16_eabi.lib</file>
         <name>fd_mul_t2.asm.obj</name>
      </input_file>
      <input_file id="fl-de">
         <path>C:\ti\ccsv8\tools\compiler\ti-cgt-arm_18.1.3.LTS\lib\</path>
         <kind>archive</kind>
         <file>rtsv7M4_T_le_v4SPD16_eabi.lib</file>
         <name>fd_toi_t2.asm.obj</name>
      </input_file>
      <input_file id="fl-df">
         <path>C:\ti\ccsv8\tools\compiler\ti-cgt-arm_18.1.3.LTS\lib\</path>
         <kind>archive</kind>
         <file>rtsv7M4_T_le_v4SPD16_eabi.lib</file>
         <name>fs_tod_t2.asm.obj</name>
      </input_file>
      <input_file id="fl-e0">
         <path>C:\ti\ccsv8\tools\compiler\ti-cgt-arm_18.1.3.LTS\lib\</path>
         <kind>archive</kind>
         <file>rtsv7M4_T_le_v4SPD16_eabi.lib</file>
         <name>copy_zero_init.c.obj</name>
      </input_file>
      <input_file id="fl-e1">
         <path>C:\ti\ccsv8\tools\compiler\ti-cgt-arm_18.1.3.LTS\lib\</path>
         <kind>archive</kind>
         <file>rtsv7M4_T_le_v4SPD16_eabi.lib</file>
         <name>copy_decompress_none.c.obj</name>
      </input_file>
      <input_file id="fl-e2">
         <path>C:\ti\ccsv8\tools\compiler\ti-cgt-arm_18.1.3.LTS\lib\</path>
         <kind>archive</kind>
         <file>rtsv7M4_T_le_v4SPD16_eabi.lib</file>
         <name>copy_decompress_lzss.c.obj</name>
      </input_file>
      <input_file id="fl-e3">
         <path>C:\ti\ccsv8\tools\compiler\ti-cgt-arm_18.1.3.LTS\lib\</path>
         <kind>archive</kind>
         <file>rtsv7M4_T_le_v4SPD16_eabi.lib</file>
         <name>boot_cortex_m.c.obj</name>
      </input_file>
      <input_file id="fl-e4">
         <path>C:\ti\ccsv8\tools\compiler\ti-cgt-arm_18.1.3.LTS\lib\</path>
         <kind>archive</kind>
         <file>rtsv7M4_T_le_v4SPD16_eabi.lib</file>
         <name>memset_t2.asm.obj</name>
      </input_file>
      <input_file id="fl-e5">
         <path>C:\ti\ccsv8\tools\compiler\ti-cgt-arm_18.1.3.LTS\lib\</path>
         <kind>archive</kind>
         <file>rtsv7M4_T_le_v4SPD16_eabi.lib</file>
         <name>memcpy_t2.asm.obj</name>
      </input_file>
      <input_file id="fl-e6">
         <path>C:\ti\ccsv8\tools\compiler\ti-cgt-arm_18.1.3.LTS\lib\</path>
         <kind>archive</kind>
         <file>rtsv7M4_T_le_v4SPD16_eabi.lib</file>
         <name>autoinit.c.obj</name>
      </input_file>
      <input_file id="fl-e7">
         <path>C:\ti\ccsv8\tools\compiler\ti-cgt-arm_18.1.3.LTS\lib\</path>
         <kind>archive</kind>
         <file>rtsv7M4_T_le_v4SPD16_eabi.lib</file>
         <name>pre_init.c.obj</name>
      </input_file>
      <input_file id="fl-e8">
         <path>C:\ti\ccsv8\tools\compiler\ti-cgt-arm_18.1.3.LTS\lib\</path>
         <kind>archive</kind>
         <file>rtsv7M4_T_le_v4SPD16_eabi.lib</file>
         <name>cpy_tbl.c.obj</name>
      </input_file>
      <input_file id="fl-e9">
         <path>C:\ti\ccsv8\tools\compiler\ti-cgt-arm_18.1.3.LTS\lib\</path>
         <kind>archive</kind>
         <file>rtsv7M4_T_le_v4SPD16_eabi.lib</file>
         <name>exit.c.obj</name>
      </input_file>
      <input_file id="fl-ea">
         <path>C:\ti\ccsv8\tools\compiler\ti-cgt-arm_18.1.3.LTS\lib\</path>
         <kind>archive</kind>
         <file>rtsv7M4_T_le_v4SPD16_eabi.lib</file>
         <name>_lock.c.obj</name>
      </input_file>
      <input_file id="fl-eb">
         <path>C:\ti\ccsv8\tools\compiler\ti-cgt-arm_18.1.3.LTS\lib\</path>
         <kind>archive</kind>
         <file>rtsv7M4_T_le_v4SPD16_eabi.lib</file>
         <name>args_main.c.obj</name>
      </input_file>
   </input_file_list>
   <object_component_list>
      <object_component id="oc-23">
         <name>.intvecs:retain</name>
         <load_address>0x0</load_address>
         <run_address>0x0</run_address>
         <size>0xe4</size>
         <input_file_ref idref="fl-3"/>
      </object_component>
      <object_component id="oc-6a">
         <name>.text</name>
         <load_address>0xe4</load_address>
         <run_address>0xe4</run_address>
         <size>0x724</size>
         <input_file_ref idref="fl-2"/>
      </object_component>
      <object_component id="oc-a2">
         <name>.text</name>
         <load_address>0x808</load_address>
         <run_address>0x808</run_address>
         <size>0x334</size>
         <input_file_ref idref="fl-4"/>
      </object_component>
      <object_component id="oc-c0">
         <name>.text</name>
         <load_address>0xb3c</load_address>
         <run_address>0xb3c</run_address>
         <size>0x136</size>
         <input_file_ref idref="fl-dc"/>
      </object_component>
      <object_component id="oc-bb">
         <name>.text</name>
         <load_address>0xc72</load_address>
         <run_address>0xc72</run_address>
         <size>0xfc</size>
         <input_file_ref idref="fl-dd"/>
      </object_component>
      <object_component id="oc-34">
         <name>.text</name>
         <load_address>0xd6e</load_address>
         <run_address>0xd6e</run_address>
         <size>0x9c</size>
         <input_file_ref idref="fl-e5"/>
      </object_component>
      <object_component id="oc-14">
         <name>.text:decompress:lzss:__TI_decompress_lzss</name>
         <load_address>0xe0a</load_address>
         <run_address>0xe0a</run_address>
         <size>0x68</size>
         <input_file_ref idref="fl-e2"/>
      </object_component>
      <object_component id="oc-c5">
         <name>.text</name>
         <load_address>0xe72</load_address>
         <run_address>0xe72</run_address>
         <size>0x48</size>
         <input_file_ref idref="fl-de"/>
      </object_component>
      <object_component id="oc-fb">
         <name>.text:__TI_auto_init_nobinit_nopinit:__TI_auto_init_nobinit_nopinit</name>
         <load_address>0xebc</load_address>
         <run_address>0xebc</run_address>
         <size>0x44</size>
         <input_file_ref idref="fl-e6"/>
      </object_component>
      <object_component id="oc-52">
         <name>.text:_c_int00_noargs:_c_int00_noargs</name>
         <load_address>0xf00</load_address>
         <run_address>0xf00</run_address>
         <size>0x38</size>
         <input_file_ref idref="fl-e3"/>
      </object_component>
      <object_component id="oc-b6">
         <name>.text</name>
         <load_address>0xf38</load_address>
         <run_address>0xf38</run_address>
         <size>0x38</size>
         <input_file_ref idref="fl-df"/>
      </object_component>
      <object_component id="oc-40">
         <name>.text:decompress:ZI:__TI_zero_init_nomemset:__TI_zero_init_nomemset</name>
         <load_address>0xf70</load_address>
         <run_address>0xf70</run_address>
         <size>0x12</size>
         <input_file_ref idref="fl-e0"/>
      </object_component>
      <object_component id="oc-1a">
         <name>.text:decompress:none:__TI_decompress_none</name>
         <load_address>0xf82</load_address>
         <run_address>0xf82</run_address>
         <size>0xe</size>
         <input_file_ref idref="fl-e1"/>
      </object_component>
      <object_component id="oc-64">
         <name>.text</name>
         <load_address>0xf90</load_address>
         <run_address>0xf90</run_address>
         <size>0xe</size>
         <input_file_ref idref="fl-3"/>
      </object_component>
      <object_component id="oc-90">
         <name>.text:_system_pre_init</name>
         <load_address>0xf9e</load_address>
         <run_address>0xf9e</run_address>
         <size>0x4</size>
         <input_file_ref idref="fl-e7"/>
      </object_component>
      <object_component id="oc-ef">
         <name>.text:abort:abort</name>
         <load_address>0xfa2</load_address>
         <run_address>0xfa2</run_address>
         <size>0x4</size>
         <input_file_ref idref="fl-e9"/>
      </object_component>
      <object_component id="oc-1cd">
         <name>.cinit..data.load</name>
         <load_address>0xfa8</load_address>
         <run_address>0xfa8</run_address>
         <size>0x23</size>
      </object_component>
      <object_component id="oc-1cb">
         <name>__TI_handler_table</name>
         <load_address>0xfcc</load_address>
         <run_address>0xfcc</run_address>
         <size>0xc</size>
      </object_component>
      <object_component id="oc-1ce">
         <name>.cinit..bss.load</name>
         <load_address>0xfd8</load_address>
         <run_address>0xfd8</run_address>
         <size>0x8</size>
      </object_component>
      <object_component id="oc-1cc">
         <name>__TI_cinit_table</name>
         <load_address>0xfe0</load_address>
         <run_address>0xfe0</run_address>
         <size>0x10</size>
      </object_component>
      <object_component id="oc-1a0">
         <name>.binit</name>
         <load_address>0x0</load_address>
         <run_address>0x0</run_address>
         <size>0x0</size>
      </object_component>
      <object_component id="oc-ad">
         <name>.data</name>
         <load_address>0x2000007c</load_address>
         <run_address>0x2000007c</run_address>
         <size>0x5</size>
         <input_file_ref idref="fl-2"/>
      </object_component>
      <object_component id="oc-b0">
         <name>.data:gearON</name>
         <load_address>0x20000072</load_address>
         <run_address>0x20000072</run_address>
         <size>0xa</size>
         <input_file_ref idref="fl-2"/>
      </object_component>
      <object_component id="oc-b3">
         <name>.data:gearOFF</name>
         <load_address>0x20000068</load_address>
         <run_address>0x20000068</run_address>
         <size>0xa</size>
         <input_file_ref idref="fl-2"/>
      </object_component>
      <object_component id="oc-12d">
         <name>.data</name>
         <load_address>0x20000084</load_address>
         <run_address>0x20000084</run_address>
         <size>0x4</size>
         <input_file_ref idref="fl-4"/>
      </object_component>
      <object_component id="oc-ac">
         <name>.common:lightstrip</name>
         <uninitialized>true</uninitialized>
         <run_address>0x20000000</run_address>
         <size>0x5c</size>
      </object_component>
      <object_component id="oc-a9">
         <name>.common:i</name>
         <uninitialized>true</uninitialized>
         <run_address>0x2000005c</run_address>
         <size>0x4</size>
      </object_component>
      <object_component id="oc-cb">
         <name>.common:rpm</name>
         <uninitialized>true</uninitialized>
         <run_address>0x20000060</run_address>
         <size>0x2</size>
      </object_component>
      <object_component id="oc-cc">
         <name>.common:ledsON</name>
         <uninitialized>true</uninitialized>
         <run_address>0x20000064</run_address>
         <size>0x1</size>
      </object_component>
      <object_component id="oc-ca">
         <name>.common:rpmCaptureValue</name>
         <uninitialized>true</uninitialized>
         <run_address>0x20000062</run_address>
         <size>0x2</size>
      </object_component>
      <object_component id="oc-26">
         <name>.stack</name>
         <uninitialized>true</uninitialized>
         <run_address>0x2000fe00</run_address>
         <size>0x4</size>
         <input_file_ref idref="fl-e3"/>
      </object_component>
      <object_component id="oc-1cf">
         <name>.stack</name>
         <uninitialized>true</uninitialized>
         <run_address>0x2000fe00</run_address>
         <size>0x0</size>
      </object_component>
      <object_component id="oc-aa">
         <name>.debug_info</name>
         <load_address>0x0</load_address>
         <run_address>0x0</run_address>
         <size>0x636</size>
         <input_file_ref idref="fl-2"/>
      </object_component>
      <object_component id="oc-ae">
         <name>.debug_info</name>
         <load_address>0x636</load_address>
         <run_address>0x636</run_address>
         <size>0x163</size>
         <input_file_ref idref="fl-2"/>
      </object_component>
      <object_component id="oc-b1">
         <name>.debug_info</name>
         <load_address>0x799</load_address>
         <run_address>0x799</run_address>
         <size>0xd5</size>
         <input_file_ref idref="fl-2"/>
      </object_component>
      <object_component id="oc-b4">
         <name>.debug_info</name>
         <load_address>0x86e</load_address>
         <run_address>0x86e</run_address>
         <size>0xd7</size>
         <input_file_ref idref="fl-2"/>
      </object_component>
      <object_component id="oc-6b">
         <name>.debug_info</name>
         <load_address>0x945</load_address>
         <run_address>0x945</run_address>
         <size>0x6d3</size>
         <input_file_ref idref="fl-2"/>
      </object_component>
      <object_component id="oc-133">
         <name>.debug_info</name>
         <load_address>0x1018</load_address>
         <run_address>0x1018</run_address>
         <size>0x37e2</size>
         <input_file_ref idref="fl-2"/>
      </object_component>
      <object_component id="oc-138">
         <name>.debug_info</name>
         <load_address>0x47fa</load_address>
         <run_address>0x47fa</run_address>
         <size>0x1055</size>
         <input_file_ref idref="fl-2"/>
      </object_component>
      <object_component id="oc-da">
         <name>.debug_info</name>
         <load_address>0x584f</load_address>
         <run_address>0x584f</run_address>
         <size>0x26b</size>
         <input_file_ref idref="fl-2"/>
      </object_component>
      <object_component id="oc-ce">
         <name>.debug_info</name>
         <load_address>0x5aba</load_address>
         <run_address>0x5aba</run_address>
         <size>0x8b</size>
         <input_file_ref idref="fl-2"/>
      </object_component>
      <object_component id="oc-147">
         <name>.debug_info</name>
         <load_address>0x5b45</load_address>
         <run_address>0x5b45</run_address>
         <size>0x297</size>
         <input_file_ref idref="fl-2"/>
      </object_component>
      <object_component id="oc-d3">
         <name>.debug_info</name>
         <load_address>0x5ddc</load_address>
         <run_address>0x5ddc</run_address>
         <size>0xbb</size>
         <input_file_ref idref="fl-2"/>
      </object_component>
      <object_component id="oc-72">
         <name>.debug_info</name>
         <load_address>0x5e97</load_address>
         <run_address>0x5e97</run_address>
         <size>0x2d0</size>
         <input_file_ref idref="fl-3"/>
      </object_component>
      <object_component id="oc-24">
         <name>.debug_info</name>
         <load_address>0x6167</load_address>
         <run_address>0x6167</run_address>
         <size>0xfc</size>
         <input_file_ref idref="fl-3"/>
      </object_component>
      <object_component id="oc-65">
         <name>.debug_info</name>
         <load_address>0x6263</load_address>
         <run_address>0x6263</run_address>
         <size>0x1c3</size>
         <input_file_ref idref="fl-3"/>
      </object_component>
      <object_component id="oc-2f">
         <name>.debug_info</name>
         <load_address>0x6426</load_address>
         <run_address>0x6426</run_address>
         <size>0x84</size>
         <input_file_ref idref="fl-3"/>
      </object_component>
      <object_component id="oc-12e">
         <name>.debug_info</name>
         <load_address>0x64aa</load_address>
         <run_address>0x64aa</run_address>
         <size>0xf5</size>
         <input_file_ref idref="fl-4"/>
      </object_component>
      <object_component id="oc-a3">
         <name>.debug_info</name>
         <load_address>0x659f</load_address>
         <run_address>0x659f</run_address>
         <size>0x267</size>
         <input_file_ref idref="fl-4"/>
      </object_component>
      <object_component id="oc-c3">
         <name>.debug_info</name>
         <load_address>0x6806</load_address>
         <run_address>0x6806</run_address>
         <size>0x132</size>
         <input_file_ref idref="fl-dc"/>
      </object_component>
      <object_component id="oc-bd">
         <name>.debug_info</name>
         <load_address>0x6938</load_address>
         <run_address>0x6938</run_address>
         <size>0x132</size>
         <input_file_ref idref="fl-dd"/>
      </object_component>
      <object_component id="oc-c6">
         <name>.debug_info</name>
         <load_address>0x6a6a</load_address>
         <run_address>0x6a6a</run_address>
         <size>0x126</size>
         <input_file_ref idref="fl-de"/>
      </object_component>
      <object_component id="oc-b8">
         <name>.debug_info</name>
         <load_address>0x6b90</load_address>
         <run_address>0x6b90</run_address>
         <size>0x124</size>
         <input_file_ref idref="fl-df"/>
      </object_component>
      <object_component id="oc-89">
         <name>.debug_info</name>
         <load_address>0x6cb4</load_address>
         <run_address>0x6cb4</run_address>
         <size>0x313</size>
         <input_file_ref idref="fl-e0"/>
      </object_component>
      <object_component id="oc-42">
         <name>.debug_info</name>
         <load_address>0x6fc7</load_address>
         <run_address>0x6fc7</run_address>
         <size>0x1b4</size>
         <input_file_ref idref="fl-e0"/>
      </object_component>
      <object_component id="oc-84">
         <name>.debug_info</name>
         <load_address>0x717b</load_address>
         <run_address>0x717b</run_address>
         <size>0x46</size>
         <input_file_ref idref="fl-e0"/>
      </object_component>
      <object_component id="oc-e6">
         <name>.debug_info</name>
         <load_address>0x71c1</load_address>
         <run_address>0x71c1</run_address>
         <size>0x2c</size>
         <input_file_ref idref="fl-e0"/>
      </object_component>
      <object_component id="oc-3f">
         <name>.debug_info</name>
         <load_address>0x71ed</load_address>
         <run_address>0x71ed</run_address>
         <size>0x29d</size>
         <input_file_ref idref="fl-e1"/>
      </object_component>
      <object_component id="oc-1b">
         <name>.debug_info</name>
         <load_address>0x748a</load_address>
         <run_address>0x748a</run_address>
         <size>0x1df</size>
         <input_file_ref idref="fl-e1"/>
      </object_component>
      <object_component id="oc-3a">
         <name>.debug_info</name>
         <load_address>0x7669</load_address>
         <run_address>0x7669</run_address>
         <size>0x46</size>
         <input_file_ref idref="fl-e1"/>
      </object_component>
      <object_component id="oc-7c">
         <name>.debug_info</name>
         <load_address>0x76af</load_address>
         <run_address>0x76af</run_address>
         <size>0x2c</size>
         <input_file_ref idref="fl-e1"/>
      </object_component>
      <object_component id="oc-7a">
         <name>.debug_info</name>
         <load_address>0x76db</load_address>
         <run_address>0x76db</run_address>
         <size>0x293</size>
         <input_file_ref idref="fl-e2"/>
      </object_component>
      <object_component id="oc-15">
         <name>.debug_info</name>
         <load_address>0x796e</load_address>
         <run_address>0x796e</run_address>
         <size>0x245</size>
         <input_file_ref idref="fl-e2"/>
      </object_component>
      <object_component id="oc-2a">
         <name>.debug_info</name>
         <load_address>0x7bb3</load_address>
         <run_address>0x7bb3</run_address>
         <size>0x60</size>
         <input_file_ref idref="fl-e2"/>
      </object_component>
      <object_component id="oc-df">
         <name>.debug_info</name>
         <load_address>0x7c13</load_address>
         <run_address>0x7c13</run_address>
         <size>0x46</size>
         <input_file_ref idref="fl-e2"/>
      </object_component>
      <object_component id="oc-75">
         <name>.debug_info</name>
         <load_address>0x7c59</load_address>
         <run_address>0x7c59</run_address>
         <size>0x39</size>
         <input_file_ref idref="fl-e2"/>
      </object_component>
      <object_component id="oc-27">
         <name>.debug_info</name>
         <load_address>0x7c92</load_address>
         <run_address>0x7c92</run_address>
         <size>0x100</size>
         <input_file_ref idref="fl-e3"/>
      </object_component>
      <object_component id="oc-54">
         <name>.debug_info</name>
         <load_address>0x7d92</load_address>
         <run_address>0x7d92</run_address>
         <size>0x1a4</size>
         <input_file_ref idref="fl-e3"/>
      </object_component>
      <object_component id="oc-35">
         <name>.debug_info</name>
         <load_address>0x7f36</load_address>
         <run_address>0x7f36</run_address>
         <size>0x111</size>
         <input_file_ref idref="fl-e5"/>
      </object_component>
      <object_component id="oc-157">
         <name>.debug_info</name>
         <load_address>0x8047</load_address>
         <run_address>0x8047</run_address>
         <size>0x547</size>
         <input_file_ref idref="fl-e6"/>
      </object_component>
      <object_component id="oc-fc">
         <name>.debug_info</name>
         <load_address>0x858e</load_address>
         <run_address>0x858e</run_address>
         <size>0x19b</size>
         <input_file_ref idref="fl-e6"/>
      </object_component>
      <object_component id="oc-17e">
         <name>.debug_info</name>
         <load_address>0x8729</load_address>
         <run_address>0x8729</run_address>
         <size>0x39</size>
         <input_file_ref idref="fl-e6"/>
      </object_component>
      <object_component id="oc-192">
         <name>.debug_info</name>
         <load_address>0x8762</load_address>
         <run_address>0x8762</run_address>
         <size>0x39</size>
         <input_file_ref idref="fl-e6"/>
      </object_component>
      <object_component id="oc-183">
         <name>.debug_info</name>
         <load_address>0x879b</load_address>
         <run_address>0x879b</run_address>
         <size>0x39</size>
         <input_file_ref idref="fl-e6"/>
      </object_component>
      <object_component id="oc-188">
         <name>.debug_info</name>
         <load_address>0x87d4</load_address>
         <run_address>0x87d4</run_address>
         <size>0xcd</size>
         <input_file_ref idref="fl-e6"/>
      </object_component>
      <object_component id="oc-91">
         <name>.debug_info</name>
         <load_address>0x88a1</load_address>
         <run_address>0x88a1</run_address>
         <size>0x148</size>
         <input_file_ref idref="fl-e7"/>
      </object_component>
      <object_component id="oc-f2">
         <name>.debug_info</name>
         <load_address>0x89e9</load_address>
         <run_address>0x89e9</run_address>
         <size>0x117</size>
         <input_file_ref idref="fl-e9"/>
      </object_component>
      <object_component id="oc-1d0">
         <name>.debug_info</name>
         <load_address>0x8b00</load_address>
         <run_address>0x8b00</run_address>
         <size>0xab</size>
      </object_component>
      <object_component id="oc-132">
         <name>.debug_line</name>
         <load_address>0x0</load_address>
         <run_address>0x0</run_address>
         <size>0x2d</size>
         <input_file_ref idref="fl-2"/>
      </object_component>
      <object_component id="oc-13e">
         <name>.debug_line</name>
         <load_address>0x2d</load_address>
         <run_address>0x2d</run_address>
         <size>0x2d</size>
         <input_file_ref idref="fl-2"/>
      </object_component>
      <object_component id="oc-140">
         <name>.debug_line</name>
         <load_address>0x5a</load_address>
         <run_address>0x5a</run_address>
         <size>0x2d</size>
         <input_file_ref idref="fl-2"/>
      </object_component>
      <object_component id="oc-142">
         <name>.debug_line</name>
         <load_address>0x87</load_address>
         <run_address>0x87</run_address>
         <size>0x2d</size>
         <input_file_ref idref="fl-2"/>
      </object_component>
      <object_component id="oc-6f">
         <name>.debug_line</name>
         <load_address>0xb4</load_address>
         <run_address>0xb4</run_address>
         <size>0x29f</size>
         <input_file_ref idref="fl-2"/>
      </object_component>
      <object_component id="oc-136">
         <name>.debug_line</name>
         <load_address>0x353</load_address>
         <run_address>0x353</run_address>
         <size>0x52</size>
         <input_file_ref idref="fl-2"/>
      </object_component>
      <object_component id="oc-13b">
         <name>.debug_line</name>
         <load_address>0x3a5</load_address>
         <run_address>0x3a5</run_address>
         <size>0x55</size>
         <input_file_ref idref="fl-2"/>
      </object_component>
      <object_component id="oc-dd">
         <name>.debug_line</name>
         <load_address>0x3fa</load_address>
         <run_address>0x3fa</run_address>
         <size>0x69</size>
         <input_file_ref idref="fl-2"/>
      </object_component>
      <object_component id="oc-d1">
         <name>.debug_line</name>
         <load_address>0x463</load_address>
         <run_address>0x463</run_address>
         <size>0x20</size>
         <input_file_ref idref="fl-2"/>
      </object_component>
      <object_component id="oc-14a">
         <name>.debug_line</name>
         <load_address>0x483</load_address>
         <run_address>0x483</run_address>
         <size>0x6d</size>
         <input_file_ref idref="fl-2"/>
      </object_component>
      <object_component id="oc-d6">
         <name>.debug_line</name>
         <load_address>0x4f0</load_address>
         <run_address>0x4f0</run_address>
         <size>0x6a</size>
         <input_file_ref idref="fl-2"/>
      </object_component>
      <object_component id="oc-d9">
         <name>.debug_line</name>
         <load_address>0x55a</load_address>
         <run_address>0x55a</run_address>
         <size>0x40</size>
         <input_file_ref idref="fl-3"/>
      </object_component>
      <object_component id="oc-71">
         <name>.debug_line</name>
         <load_address>0x59a</load_address>
         <run_address>0x59a</run_address>
         <size>0x40</size>
         <input_file_ref idref="fl-3"/>
      </object_component>
      <object_component id="oc-68">
         <name>.debug_line</name>
         <load_address>0x5da</load_address>
         <run_address>0x5da</run_address>
         <size>0x71</size>
         <input_file_ref idref="fl-3"/>
      </object_component>
      <object_component id="oc-32">
         <name>.debug_line</name>
         <load_address>0x64b</load_address>
         <run_address>0x64b</run_address>
         <size>0x20</size>
         <input_file_ref idref="fl-3"/>
      </object_component>
      <object_component id="oc-16d">
         <name>.debug_line</name>
         <load_address>0x66b</load_address>
         <run_address>0x66b</run_address>
         <size>0x3b</size>
         <input_file_ref idref="fl-4"/>
      </object_component>
      <object_component id="oc-a7">
         <name>.debug_line</name>
         <load_address>0x6a6</load_address>
         <run_address>0x6a6</run_address>
         <size>0x159</size>
         <input_file_ref idref="fl-4"/>
      </object_component>
      <object_component id="oc-c1">
         <name>.debug_line</name>
         <load_address>0x7ff</load_address>
         <run_address>0x7ff</run_address>
         <size>0xa8</size>
         <input_file_ref idref="fl-dc"/>
      </object_component>
      <object_component id="oc-bf">
         <name>.debug_line</name>
         <load_address>0x8a7</load_address>
         <run_address>0x8a7</run_address>
         <size>0x8e</size>
         <input_file_ref idref="fl-dd"/>
      </object_component>
      <object_component id="oc-c9">
         <name>.debug_line</name>
         <load_address>0x935</load_address>
         <run_address>0x935</run_address>
         <size>0x5a</size>
         <input_file_ref idref="fl-de"/>
      </object_component>
      <object_component id="oc-ba">
         <name>.debug_line</name>
         <load_address>0x98f</load_address>
         <run_address>0x98f</run_address>
         <size>0x57</size>
         <input_file_ref idref="fl-df"/>
      </object_component>
      <object_component id="oc-ec">
         <name>.debug_line</name>
         <load_address>0x9e6</load_address>
         <run_address>0x9e6</run_address>
         <size>0x9e</size>
         <input_file_ref idref="fl-e0"/>
      </object_component>
      <object_component id="oc-41">
         <name>.debug_line</name>
         <load_address>0xa84</load_address>
         <run_address>0xa84</run_address>
         <size>0x4f</size>
         <input_file_ref idref="fl-e0"/>
      </object_component>
      <object_component id="oc-87">
         <name>.debug_line</name>
         <load_address>0xad3</load_address>
         <run_address>0xad3</run_address>
         <size>0x34</size>
         <input_file_ref idref="fl-e0"/>
      </object_component>
      <object_component id="oc-e9">
         <name>.debug_line</name>
         <load_address>0xb07</load_address>
         <run_address>0xb07</run_address>
         <size>0x8a</size>
         <input_file_ref idref="fl-e0"/>
      </object_component>
      <object_component id="oc-82">
         <name>.debug_line</name>
         <load_address>0xb91</load_address>
         <run_address>0xb91</run_address>
         <size>0x20</size>
         <input_file_ref idref="fl-e1"/>
      </object_component>
      <object_component id="oc-1f">
         <name>.debug_line</name>
         <load_address>0xbb1</load_address>
         <run_address>0xbb1</run_address>
         <size>0x55</size>
         <input_file_ref idref="fl-e1"/>
      </object_component>
      <object_component id="oc-3d">
         <name>.debug_line</name>
         <load_address>0xc06</load_address>
         <run_address>0xc06</run_address>
         <size>0x3a</size>
         <input_file_ref idref="fl-e1"/>
      </object_component>
      <object_component id="oc-7f">
         <name>.debug_line</name>
         <load_address>0xc40</load_address>
         <run_address>0xc40</run_address>
         <size>0x8a</size>
         <input_file_ref idref="fl-e1"/>
      </object_component>
      <object_component id="oc-e5">
         <name>.debug_line</name>
         <load_address>0xcca</load_address>
         <run_address>0xcca</run_address>
         <size>0x20</size>
         <input_file_ref idref="fl-e2"/>
      </object_component>
      <object_component id="oc-18">
         <name>.debug_line</name>
         <load_address>0xcea</load_address>
         <run_address>0xcea</run_address>
         <size>0xa9</size>
         <input_file_ref idref="fl-e2"/>
      </object_component>
      <object_component id="oc-2d">
         <name>.debug_line</name>
         <load_address>0xd93</load_address>
         <run_address>0xd93</run_address>
         <size>0x3a</size>
         <input_file_ref idref="fl-e2"/>
      </object_component>
      <object_component id="oc-e2">
         <name>.debug_line</name>
         <load_address>0xdcd</load_address>
         <run_address>0xdcd</run_address>
         <size>0x92</size>
         <input_file_ref idref="fl-e2"/>
      </object_component>
      <object_component id="oc-78">
         <name>.debug_line</name>
         <load_address>0xe5f</load_address>
         <run_address>0xe5f</run_address>
         <size>0x8e</size>
         <input_file_ref idref="fl-e2"/>
      </object_component>
      <object_component id="oc-74">
         <name>.debug_line</name>
         <load_address>0xeed</load_address>
         <run_address>0xeed</run_address>
         <size>0x33</size>
         <input_file_ref idref="fl-e3"/>
      </object_component>
      <object_component id="oc-53">
         <name>.debug_line</name>
         <load_address>0xf20</load_address>
         <run_address>0xf20</run_address>
         <size>0x56</size>
         <input_file_ref idref="fl-e3"/>
      </object_component>
      <object_component id="oc-38">
         <name>.debug_line</name>
         <load_address>0xf76</load_address>
         <run_address>0xf76</run_address>
         <size>0x88</size>
         <input_file_ref idref="fl-e5"/>
      </object_component>
      <object_component id="oc-17d">
         <name>.debug_line</name>
         <load_address>0xffe</load_address>
         <run_address>0xffe</run_address>
         <size>0xb7</size>
         <input_file_ref idref="fl-e6"/>
      </object_component>
      <object_component id="oc-ff">
         <name>.debug_line</name>
         <load_address>0x10b5</load_address>
         <run_address>0x10b5</run_address>
         <size>0x6c</size>
         <input_file_ref idref="fl-e6"/>
      </object_component>
      <object_component id="oc-181">
         <name>.debug_line</name>
         <load_address>0x1121</load_address>
         <run_address>0x1121</run_address>
         <size>0x2e</size>
         <input_file_ref idref="fl-e6"/>
      </object_component>
      <object_component id="oc-195">
         <name>.debug_line</name>
         <load_address>0x114f</load_address>
         <run_address>0x114f</run_address>
         <size>0x92</size>
         <input_file_ref idref="fl-e6"/>
      </object_component>
      <object_component id="oc-186">
         <name>.debug_line</name>
         <load_address>0x11e1</load_address>
         <run_address>0x11e1</run_address>
         <size>0x8f</size>
         <input_file_ref idref="fl-e6"/>
      </object_component>
      <object_component id="oc-18b">
         <name>.debug_line</name>
         <load_address>0x1270</load_address>
         <run_address>0x1270</run_address>
         <size>0x8b</size>
         <input_file_ref idref="fl-e6"/>
      </object_component>
      <object_component id="oc-95">
         <name>.debug_line</name>
         <load_address>0x12fb</load_address>
         <run_address>0x12fb</run_address>
         <size>0x40</size>
         <input_file_ref idref="fl-e7"/>
      </object_component>
      <object_component id="oc-f0">
         <name>.debug_line</name>
         <load_address>0x133b</load_address>
         <run_address>0x133b</run_address>
         <size>0x3c</size>
         <input_file_ref idref="fl-e9"/>
      </object_component>
      <object_component id="oc-6e">
         <name>.debug_frame</name>
         <load_address>0x0</load_address>
         <run_address>0x0</run_address>
         <size>0x16c</size>
         <input_file_ref idref="fl-2"/>
      </object_component>
      <object_component id="oc-69">
         <name>.debug_frame</name>
         <load_address>0x16c</load_address>
         <run_address>0x16c</run_address>
         <size>0x6c</size>
         <input_file_ref idref="fl-3"/>
      </object_component>
      <object_component id="oc-a6">
         <name>.debug_frame</name>
         <load_address>0x1d8</load_address>
         <run_address>0x1d8</run_address>
         <size>0x70</size>
         <input_file_ref idref="fl-4"/>
      </object_component>
      <object_component id="oc-45">
         <name>.debug_frame</name>
         <load_address>0x248</load_address>
         <run_address>0x248</run_address>
         <size>0x54</size>
         <input_file_ref idref="fl-e0"/>
      </object_component>
      <object_component id="oc-1e">
         <name>.debug_frame</name>
         <load_address>0x29c</load_address>
         <run_address>0x29c</run_address>
         <size>0x54</size>
         <input_file_ref idref="fl-e1"/>
      </object_component>
      <object_component id="oc-19">
         <name>.debug_frame</name>
         <load_address>0x2f0</load_address>
         <run_address>0x2f0</run_address>
         <size>0x60</size>
         <input_file_ref idref="fl-e2"/>
      </object_component>
      <object_component id="oc-57">
         <name>.debug_frame</name>
         <load_address>0x350</load_address>
         <run_address>0x350</run_address>
         <size>0x58</size>
         <input_file_ref idref="fl-e3"/>
      </object_component>
      <object_component id="oc-100">
         <name>.debug_frame</name>
         <load_address>0x3a8</load_address>
         <run_address>0x3a8</run_address>
         <size>0x5c</size>
         <input_file_ref idref="fl-e6"/>
      </object_component>
      <object_component id="oc-94">
         <name>.debug_frame</name>
         <load_address>0x404</load_address>
         <run_address>0x404</run_address>
         <size>0x54</size>
         <input_file_ref idref="fl-e7"/>
      </object_component>
      <object_component id="oc-f1">
         <name>.debug_frame</name>
         <load_address>0x458</load_address>
         <run_address>0x458</run_address>
         <size>0x54</size>
         <input_file_ref idref="fl-e9"/>
      </object_component>
      <object_component id="oc-131">
         <name>.debug_abbrev</name>
         <load_address>0x0</load_address>
         <run_address>0x0</run_address>
         <size>0xbf</size>
         <input_file_ref idref="fl-2"/>
      </object_component>
      <object_component id="oc-13d">
         <name>.debug_abbrev</name>
         <load_address>0xbf</load_address>
         <run_address>0xbf</run_address>
         <size>0x29</size>
         <input_file_ref idref="fl-2"/>
      </object_component>
      <object_component id="oc-13f">
         <name>.debug_abbrev</name>
         <load_address>0xe8</load_address>
         <run_address>0xe8</run_address>
         <size>0x29</size>
         <input_file_ref idref="fl-2"/>
      </object_component>
      <object_component id="oc-141">
         <name>.debug_abbrev</name>
         <load_address>0x111</load_address>
         <run_address>0x111</run_address>
         <size>0x29</size>
         <input_file_ref idref="fl-2"/>
      </object_component>
      <object_component id="oc-cd">
         <name>.debug_abbrev</name>
         <load_address>0x13a</load_address>
         <run_address>0x13a</run_address>
         <size>0xa7</size>
         <input_file_ref idref="fl-2"/>
      </object_component>
      <object_component id="oc-135">
         <name>.debug_abbrev</name>
         <load_address>0x1e1</load_address>
         <run_address>0x1e1</run_address>
         <size>0xbd</size>
         <input_file_ref idref="fl-2"/>
      </object_component>
      <object_component id="oc-13a">
         <name>.debug_abbrev</name>
         <load_address>0x29e</load_address>
         <run_address>0x29e</run_address>
         <size>0x97</size>
         <input_file_ref idref="fl-2"/>
      </object_component>
      <object_component id="oc-dc">
         <name>.debug_abbrev</name>
         <load_address>0x335</load_address>
         <run_address>0x335</run_address>
         <size>0x69</size>
         <input_file_ref idref="fl-2"/>
      </object_component>
      <object_component id="oc-d0">
         <name>.debug_abbrev</name>
         <load_address>0x39e</load_address>
         <run_address>0x39e</run_address>
         <size>0x1f</size>
         <input_file_ref idref="fl-2"/>
      </object_component>
      <object_component id="oc-149">
         <name>.debug_abbrev</name>
         <load_address>0x3bd</load_address>
         <run_address>0x3bd</run_address>
         <size>0x5c</size>
         <input_file_ref idref="fl-2"/>
      </object_component>
      <object_component id="oc-d5">
         <name>.debug_abbrev</name>
         <load_address>0x419</load_address>
         <run_address>0x419</run_address>
         <size>0x24</size>
         <input_file_ref idref="fl-2"/>
      </object_component>
      <object_component id="oc-d8">
         <name>.debug_abbrev</name>
         <load_address>0x43d</load_address>
         <run_address>0x43d</run_address>
         <size>0x7c</size>
         <input_file_ref idref="fl-3"/>
      </object_component>
      <object_component id="oc-70">
         <name>.debug_abbrev</name>
         <load_address>0x4b9</load_address>
         <run_address>0x4b9</run_address>
         <size>0x29</size>
         <input_file_ref idref="fl-3"/>
      </object_component>
      <object_component id="oc-a8">
         <name>.debug_abbrev</name>
         <load_address>0x4e2</load_address>
         <run_address>0x4e2</run_address>
         <size>0x89</size>
         <input_file_ref idref="fl-3"/>
      </object_component>
      <object_component id="oc-31">
         <name>.debug_abbrev</name>
         <load_address>0x56b</load_address>
         <run_address>0x56b</run_address>
         <size>0x1f</size>
         <input_file_ref idref="fl-3"/>
      </object_component>
      <object_component id="oc-16c">
         <name>.debug_abbrev</name>
         <load_address>0x58a</load_address>
         <run_address>0x58a</run_address>
         <size>0x29</size>
         <input_file_ref idref="fl-4"/>
      </object_component>
      <object_component id="oc-130">
         <name>.debug_abbrev</name>
         <load_address>0x5b3</load_address>
         <run_address>0x5b3</run_address>
         <size>0x8b</size>
         <input_file_ref idref="fl-4"/>
      </object_component>
      <object_component id="oc-145">
         <name>.debug_abbrev</name>
         <load_address>0x63e</load_address>
         <run_address>0x63e</run_address>
         <size>0x3c</size>
         <input_file_ref idref="fl-dc"/>
      </object_component>
      <object_component id="oc-144">
         <name>.debug_abbrev</name>
         <load_address>0x67a</load_address>
         <run_address>0x67a</run_address>
         <size>0x3c</size>
         <input_file_ref idref="fl-dd"/>
      </object_component>
      <object_component id="oc-146">
         <name>.debug_abbrev</name>
         <load_address>0x6b6</load_address>
         <run_address>0x6b6</run_address>
         <size>0x3c</size>
         <input_file_ref idref="fl-de"/>
      </object_component>
      <object_component id="oc-143">
         <name>.debug_abbrev</name>
         <load_address>0x6f2</load_address>
         <run_address>0x6f2</run_address>
         <size>0x3c</size>
         <input_file_ref idref="fl-df"/>
      </object_component>
      <object_component id="oc-eb">
         <name>.debug_abbrev</name>
         <load_address>0x72e</load_address>
         <run_address>0x72e</run_address>
         <size>0x73</size>
         <input_file_ref idref="fl-e0"/>
      </object_component>
      <object_component id="oc-83">
         <name>.debug_abbrev</name>
         <load_address>0x7a1</load_address>
         <run_address>0x7a1</run_address>
         <size>0x6f</size>
         <input_file_ref idref="fl-e0"/>
      </object_component>
      <object_component id="oc-86">
         <name>.debug_abbrev</name>
         <load_address>0x810</load_address>
         <run_address>0x810</run_address>
         <size>0x24</size>
         <input_file_ref idref="fl-e0"/>
      </object_component>
      <object_component id="oc-e8">
         <name>.debug_abbrev</name>
         <load_address>0x834</load_address>
         <run_address>0x834</run_address>
         <size>0x24</size>
         <input_file_ref idref="fl-e0"/>
      </object_component>
      <object_component id="oc-81">
         <name>.debug_abbrev</name>
         <load_address>0x858</load_address>
         <run_address>0x858</run_address>
         <size>0x37</size>
         <input_file_ref idref="fl-e1"/>
      </object_component>
      <object_component id="oc-39">
         <name>.debug_abbrev</name>
         <load_address>0x88f</load_address>
         <run_address>0x88f</run_address>
         <size>0x74</size>
         <input_file_ref idref="fl-e1"/>
      </object_component>
      <object_component id="oc-3c">
         <name>.debug_abbrev</name>
         <load_address>0x903</load_address>
         <run_address>0x903</run_address>
         <size>0x24</size>
         <input_file_ref idref="fl-e1"/>
      </object_component>
      <object_component id="oc-7e">
         <name>.debug_abbrev</name>
         <load_address>0x927</load_address>
         <run_address>0x927</run_address>
         <size>0x24</size>
         <input_file_ref idref="fl-e1"/>
      </object_component>
      <object_component id="oc-e4">
         <name>.debug_abbrev</name>
         <load_address>0x94b</load_address>
         <run_address>0x94b</run_address>
         <size>0x37</size>
         <input_file_ref idref="fl-e2"/>
      </object_component>
      <object_component id="oc-29">
         <name>.debug_abbrev</name>
         <load_address>0x982</load_address>
         <run_address>0x982</run_address>
         <size>0x6f</size>
         <input_file_ref idref="fl-e2"/>
      </object_component>
      <object_component id="oc-2c">
         <name>.debug_abbrev</name>
         <load_address>0x9f1</load_address>
         <run_address>0x9f1</run_address>
         <size>0x24</size>
         <input_file_ref idref="fl-e2"/>
      </object_component>
      <object_component id="oc-e1">
         <name>.debug_abbrev</name>
         <load_address>0xa15</load_address>
         <run_address>0xa15</run_address>
         <size>0x35</size>
         <input_file_ref idref="fl-e2"/>
      </object_component>
      <object_component id="oc-77">
         <name>.debug_abbrev</name>
         <load_address>0xa4a</load_address>
         <run_address>0xa4a</run_address>
         <size>0x24</size>
         <input_file_ref idref="fl-e2"/>
      </object_component>
      <object_component id="oc-73">
         <name>.debug_abbrev</name>
         <load_address>0xa6e</load_address>
         <run_address>0xa6e</run_address>
         <size>0x29</size>
         <input_file_ref idref="fl-e3"/>
      </object_component>
      <object_component id="oc-99">
         <name>.debug_abbrev</name>
         <load_address>0xa97</load_address>
         <run_address>0xa97</run_address>
         <size>0x61</size>
         <input_file_ref idref="fl-e3"/>
      </object_component>
      <object_component id="oc-7b">
         <name>.debug_abbrev</name>
         <load_address>0xaf8</load_address>
         <run_address>0xaf8</run_address>
         <size>0x3e</size>
         <input_file_ref idref="fl-e5"/>
      </object_component>
      <object_component id="oc-17c">
         <name>.debug_abbrev</name>
         <load_address>0xb36</load_address>
         <run_address>0xb36</run_address>
         <size>0xdb</size>
         <input_file_ref idref="fl-e6"/>
      </object_component>
      <object_component id="oc-156">
         <name>.debug_abbrev</name>
         <load_address>0xc11</load_address>
         <run_address>0xc11</run_address>
         <size>0x7e</size>
         <input_file_ref idref="fl-e6"/>
      </object_component>
      <object_component id="oc-180">
         <name>.debug_abbrev</name>
         <load_address>0xc8f</load_address>
         <run_address>0xc8f</run_address>
         <size>0x24</size>
         <input_file_ref idref="fl-e6"/>
      </object_component>
      <object_component id="oc-194">
         <name>.debug_abbrev</name>
         <load_address>0xcb3</load_address>
         <run_address>0xcb3</run_address>
         <size>0x24</size>
         <input_file_ref idref="fl-e6"/>
      </object_component>
      <object_component id="oc-185">
         <name>.debug_abbrev</name>
         <load_address>0xcd7</load_address>
         <run_address>0xcd7</run_address>
         <size>0x24</size>
         <input_file_ref idref="fl-e6"/>
      </object_component>
      <object_component id="oc-18a">
         <name>.debug_abbrev</name>
         <load_address>0xcfb</load_address>
         <run_address>0xcfb</run_address>
         <size>0x4b</size>
         <input_file_ref idref="fl-e6"/>
      </object_component>
      <object_component id="oc-ee">
         <name>.debug_abbrev</name>
         <load_address>0xd46</load_address>
         <run_address>0xd46</run_address>
         <size>0x55</size>
         <input_file_ref idref="fl-e7"/>
      </object_component>
      <object_component id="oc-14c">
         <name>.debug_abbrev</name>
         <load_address>0xd9b</load_address>
         <run_address>0xd9b</run_address>
         <size>0x45</size>
         <input_file_ref idref="fl-e9"/>
      </object_component>
      <object_component id="oc-1d1">
         <name>.debug_abbrev</name>
         <load_address>0xde0</load_address>
         <run_address>0xde0</run_address>
         <size>0xf</size>
      </object_component>
      <object_component id="oc-137">
         <name>.debug_str</name>
         <load_address>0x0</load_address>
         <run_address>0x0</run_address>
         <size>0x15cc</size>
         <input_file_ref idref="fl-2"/>
      </object_component>
      <object_component id="oc-13c">
         <name>.debug_str</name>
         <load_address>0x15cc</load_address>
         <run_address>0x15cc</run_address>
         <size>0x488</size>
         <input_file_ref idref="fl-2"/>
      </object_component>
      <object_component id="oc-de">
         <name>.debug_str</name>
         <load_address>0x1a54</load_address>
         <run_address>0x1a54</run_address>
         <size>0x2b3</size>
         <input_file_ref idref="fl-2"/>
      </object_component>
      <object_component id="oc-d2">
         <name>.debug_str</name>
         <load_address>0x1d07</load_address>
         <run_address>0x1d07</run_address>
         <size>0xfa</size>
         <input_file_ref idref="fl-2"/>
      </object_component>
      <object_component id="oc-14b">
         <name>.debug_str</name>
         <load_address>0x1e01</load_address>
         <run_address>0x1e01</run_address>
         <size>0x342</size>
         <input_file_ref idref="fl-2"/>
      </object_component>
      <object_component id="oc-d7">
         <name>.debug_str</name>
         <load_address>0x2143</load_address>
         <run_address>0x2143</run_address>
         <size>0x14b</size>
         <input_file_ref idref="fl-2"/>
      </object_component>
      <object_component id="oc-33">
         <name>.debug_str</name>
         <load_address>0x228e</load_address>
         <run_address>0x228e</run_address>
         <size>0xfa</size>
         <input_file_ref idref="fl-3"/>
      </object_component>
      <object_component id="oc-88">
         <name>.debug_str</name>
         <load_address>0x2388</load_address>
         <run_address>0x2388</run_address>
         <size>0xfa</size>
         <input_file_ref idref="fl-e0"/>
      </object_component>
      <object_component id="oc-ea">
         <name>.debug_str</name>
         <load_address>0x2482</load_address>
         <run_address>0x2482</run_address>
         <size>0x12d</size>
         <input_file_ref idref="fl-e0"/>
      </object_component>
      <object_component id="oc-3e">
         <name>.debug_str</name>
         <load_address>0x25af</load_address>
         <run_address>0x25af</run_address>
         <size>0x100</size>
         <input_file_ref idref="fl-e1"/>
      </object_component>
      <object_component id="oc-80">
         <name>.debug_str</name>
         <load_address>0x26af</load_address>
         <run_address>0x26af</run_address>
         <size>0x12d</size>
         <input_file_ref idref="fl-e1"/>
      </object_component>
      <object_component id="oc-2e">
         <name>.debug_str</name>
         <load_address>0x27dc</load_address>
         <run_address>0x27dc</run_address>
         <size>0x10d</size>
         <input_file_ref idref="fl-e2"/>
      </object_component>
      <object_component id="oc-e3">
         <name>.debug_str</name>
         <load_address>0x28e9</load_address>
         <run_address>0x28e9</run_address>
         <size>0x158</size>
         <input_file_ref idref="fl-e2"/>
      </object_component>
      <object_component id="oc-79">
         <name>.debug_str</name>
         <load_address>0x2a41</load_address>
         <run_address>0x2a41</run_address>
         <size>0x145</size>
         <input_file_ref idref="fl-e2"/>
      </object_component>
      <object_component id="oc-182">
         <name>.debug_str</name>
         <load_address>0x2b86</load_address>
         <run_address>0x2b86</run_address>
         <size>0xe2</size>
         <input_file_ref idref="fl-e6"/>
      </object_component>
      <object_component id="oc-196">
         <name>.debug_str</name>
         <load_address>0x2c68</load_address>
         <run_address>0x2c68</run_address>
         <size>0x144</size>
         <input_file_ref idref="fl-e6"/>
      </object_component>
      <object_component id="oc-187">
         <name>.debug_str</name>
         <load_address>0x2dac</load_address>
         <run_address>0x2dac</run_address>
         <size>0x13d</size>
         <input_file_ref idref="fl-e6"/>
      </object_component>
      <object_component id="oc-18c">
         <name>.debug_str</name>
         <load_address>0x2ee9</load_address>
         <run_address>0x2ee9</run_address>
         <size>0x184</size>
         <input_file_ref idref="fl-e6"/>
      </object_component>
      <object_component id="oc-6c">
         <name>.debug_aranges</name>
         <load_address>0x0</load_address>
         <run_address>0x0</run_address>
         <size>0x80</size>
         <input_file_ref idref="fl-2"/>
      </object_component>
      <object_component id="oc-66">
         <name>.debug_aranges</name>
         <load_address>0x80</load_address>
         <run_address>0x80</run_address>
         <size>0x28</size>
         <input_file_ref idref="fl-3"/>
      </object_component>
      <object_component id="oc-a4">
         <name>.debug_aranges</name>
         <load_address>0xa8</load_address>
         <run_address>0xa8</run_address>
         <size>0x28</size>
         <input_file_ref idref="fl-4"/>
      </object_component>
      <object_component id="oc-c2">
         <name>.debug_aranges</name>
         <load_address>0xd0</load_address>
         <run_address>0xd0</run_address>
         <size>0x20</size>
         <input_file_ref idref="fl-dc"/>
      </object_component>
      <object_component id="oc-bc">
         <name>.debug_aranges</name>
         <load_address>0xf0</load_address>
         <run_address>0xf0</run_address>
         <size>0x20</size>
         <input_file_ref idref="fl-dd"/>
      </object_component>
      <object_component id="oc-c8">
         <name>.debug_aranges</name>
         <load_address>0x110</load_address>
         <run_address>0x110</run_address>
         <size>0x20</size>
         <input_file_ref idref="fl-de"/>
      </object_component>
      <object_component id="oc-b7">
         <name>.debug_aranges</name>
         <load_address>0x130</load_address>
         <run_address>0x130</run_address>
         <size>0x20</size>
         <input_file_ref idref="fl-df"/>
      </object_component>
      <object_component id="oc-44">
         <name>.debug_aranges</name>
         <load_address>0x150</load_address>
         <run_address>0x150</run_address>
         <size>0x20</size>
         <input_file_ref idref="fl-e0"/>
      </object_component>
      <object_component id="oc-1d">
         <name>.debug_aranges</name>
         <load_address>0x170</load_address>
         <run_address>0x170</run_address>
         <size>0x20</size>
         <input_file_ref idref="fl-e1"/>
      </object_component>
      <object_component id="oc-16">
         <name>.debug_aranges</name>
         <load_address>0x190</load_address>
         <run_address>0x190</run_address>
         <size>0x20</size>
         <input_file_ref idref="fl-e2"/>
      </object_component>
      <object_component id="oc-55">
         <name>.debug_aranges</name>
         <load_address>0x1b0</load_address>
         <run_address>0x1b0</run_address>
         <size>0x20</size>
         <input_file_ref idref="fl-e3"/>
      </object_component>
      <object_component id="oc-37">
         <name>.debug_aranges</name>
         <load_address>0x1d0</load_address>
         <run_address>0x1d0</run_address>
         <size>0x20</size>
         <input_file_ref idref="fl-e5"/>
      </object_component>
      <object_component id="oc-fd">
         <name>.debug_aranges</name>
         <load_address>0x1f0</load_address>
         <run_address>0x1f0</run_address>
         <size>0x20</size>
         <input_file_ref idref="fl-e6"/>
      </object_component>
      <object_component id="oc-92">
         <name>.debug_aranges</name>
         <load_address>0x210</load_address>
         <run_address>0x210</run_address>
         <size>0x20</size>
         <input_file_ref idref="fl-e7"/>
      </object_component>
      <object_component id="oc-f4">
         <name>.debug_aranges</name>
         <load_address>0x230</load_address>
         <run_address>0x230</run_address>
         <size>0x20</size>
         <input_file_ref idref="fl-e9"/>
      </object_component>
      <object_component id="oc-ab">
         <name>.debug_pubnames</name>
         <load_address>0x0</load_address>
         <run_address>0x0</run_address>
         <size>0x4e</size>
         <input_file_ref idref="fl-2"/>
      </object_component>
      <object_component id="oc-af">
         <name>.debug_pubnames</name>
         <load_address>0x4e</load_address>
         <run_address>0x4e</run_address>
         <size>0x56</size>
         <input_file_ref idref="fl-2"/>
      </object_component>
      <object_component id="oc-b2">
         <name>.debug_pubnames</name>
         <load_address>0xa4</load_address>
         <run_address>0xa4</run_address>
         <size>0x1d</size>
         <input_file_ref idref="fl-2"/>
      </object_component>
      <object_component id="oc-b5">
         <name>.debug_pubnames</name>
         <load_address>0xc1</load_address>
         <run_address>0xc1</run_address>
         <size>0x1e</size>
         <input_file_ref idref="fl-2"/>
      </object_component>
      <object_component id="oc-6d">
         <name>.debug_pubnames</name>
         <load_address>0xdf</load_address>
         <run_address>0xdf</run_address>
         <size>0xd2</size>
         <input_file_ref idref="fl-2"/>
      </object_component>
      <object_component id="oc-25">
         <name>.debug_pubnames</name>
         <load_address>0x1b1</load_address>
         <run_address>0x1b1</run_address>
         <size>0x27</size>
         <input_file_ref idref="fl-3"/>
      </object_component>
      <object_component id="oc-67">
         <name>.debug_pubnames</name>
         <load_address>0x1d8</load_address>
         <run_address>0x1d8</run_address>
         <size>0x38</size>
         <input_file_ref idref="fl-3"/>
      </object_component>
      <object_component id="oc-12f">
         <name>.debug_pubnames</name>
         <load_address>0x210</load_address>
         <run_address>0x210</run_address>
         <size>0x26</size>
         <input_file_ref idref="fl-4"/>
      </object_component>
      <object_component id="oc-a5">
         <name>.debug_pubnames</name>
         <load_address>0x236</load_address>
         <run_address>0x236</run_address>
         <size>0x3b</size>
         <input_file_ref idref="fl-4"/>
      </object_component>
      <object_component id="oc-c4">
         <name>.debug_pubnames</name>
         <load_address>0x271</load_address>
         <run_address>0x271</run_address>
         <size>0x23</size>
         <input_file_ref idref="fl-dc"/>
      </object_component>
      <object_component id="oc-be">
         <name>.debug_pubnames</name>
         <load_address>0x294</load_address>
         <run_address>0x294</run_address>
         <size>0x23</size>
         <input_file_ref idref="fl-dd"/>
      </object_component>
      <object_component id="oc-c7">
         <name>.debug_pubnames</name>
         <load_address>0x2b7</load_address>
         <run_address>0x2b7</run_address>
         <size>0x23</size>
         <input_file_ref idref="fl-de"/>
      </object_component>
      <object_component id="oc-b9">
         <name>.debug_pubnames</name>
         <load_address>0x2da</load_address>
         <run_address>0x2da</run_address>
         <size>0x22</size>
         <input_file_ref idref="fl-df"/>
      </object_component>
      <object_component id="oc-43">
         <name>.debug_pubnames</name>
         <load_address>0x2fc</load_address>
         <run_address>0x2fc</run_address>
         <size>0x2e</size>
         <input_file_ref idref="fl-e0"/>
      </object_component>
      <object_component id="oc-1c">
         <name>.debug_pubnames</name>
         <load_address>0x32a</load_address>
         <run_address>0x32a</run_address>
         <size>0x2b</size>
         <input_file_ref idref="fl-e1"/>
      </object_component>
      <object_component id="oc-17">
         <name>.debug_pubnames</name>
         <load_address>0x355</load_address>
         <run_address>0x355</run_address>
         <size>0x2b</size>
         <input_file_ref idref="fl-e2"/>
      </object_component>
      <object_component id="oc-28">
         <name>.debug_pubnames</name>
         <load_address>0x380</load_address>
         <run_address>0x380</run_address>
         <size>0x1e</size>
         <input_file_ref idref="fl-e3"/>
      </object_component>
      <object_component id="oc-56">
         <name>.debug_pubnames</name>
         <load_address>0x39e</load_address>
         <run_address>0x39e</run_address>
         <size>0x26</size>
         <input_file_ref idref="fl-e3"/>
      </object_component>
      <object_component id="oc-36">
         <name>.debug_pubnames</name>
         <load_address>0x3c4</load_address>
         <run_address>0x3c4</run_address>
         <size>0x1d</size>
         <input_file_ref idref="fl-e5"/>
      </object_component>
      <object_component id="oc-fe">
         <name>.debug_pubnames</name>
         <load_address>0x3e1</load_address>
         <run_address>0x3e1</run_address>
         <size>0x35</size>
         <input_file_ref idref="fl-e6"/>
      </object_component>
      <object_component id="oc-93">
         <name>.debug_pubnames</name>
         <load_address>0x416</load_address>
         <run_address>0x416</run_address>
         <size>0x27</size>
         <input_file_ref idref="fl-e7"/>
      </object_component>
      <object_component id="oc-f3">
         <name>.debug_pubnames</name>
         <load_address>0x43d</load_address>
         <run_address>0x43d</run_address>
         <size>0x1c</size>
         <input_file_ref idref="fl-e9"/>
      </object_component>
      <object_component id="oc-134">
         <name>.debug_pubtypes</name>
         <load_address>0x0</load_address>
         <run_address>0x0</run_address>
         <size>0x2ce</size>
         <input_file_ref idref="fl-2"/>
      </object_component>
      <object_component id="oc-139">
         <name>.debug_pubtypes</name>
         <load_address>0x2ce</load_address>
         <run_address>0x2ce</run_address>
         <size>0xdd</size>
         <input_file_ref idref="fl-2"/>
      </object_component>
      <object_component id="oc-db">
         <name>.debug_pubtypes</name>
         <load_address>0x3ab</load_address>
         <run_address>0x3ab</run_address>
         <size>0x25c</size>
         <input_file_ref idref="fl-2"/>
      </object_component>
      <object_component id="oc-cf">
         <name>.debug_pubtypes</name>
         <load_address>0x607</load_address>
         <run_address>0x607</run_address>
         <size>0xff</size>
         <input_file_ref idref="fl-2"/>
      </object_component>
      <object_component id="oc-148">
         <name>.debug_pubtypes</name>
         <load_address>0x706</load_address>
         <run_address>0x706</run_address>
         <size>0x325</size>
         <input_file_ref idref="fl-2"/>
      </object_component>
      <object_component id="oc-d4">
         <name>.debug_pubtypes</name>
         <load_address>0xa2b</load_address>
         <run_address>0xa2b</run_address>
         <size>0xaa</size>
         <input_file_ref idref="fl-2"/>
      </object_component>
      <object_component id="oc-30">
         <name>.debug_pubtypes</name>
         <load_address>0xad5</load_address>
         <run_address>0xad5</run_address>
         <size>0xed</size>
         <input_file_ref idref="fl-3"/>
      </object_component>
      <object_component id="oc-85">
         <name>.debug_pubtypes</name>
         <load_address>0xbc2</load_address>
         <run_address>0xbc2</run_address>
         <size>0x48</size>
         <input_file_ref idref="fl-e0"/>
      </object_component>
      <object_component id="oc-e7">
         <name>.debug_pubtypes</name>
         <load_address>0xc0a</load_address>
         <run_address>0xc0a</run_address>
         <size>0x1d</size>
         <input_file_ref idref="fl-e0"/>
      </object_component>
      <object_component id="oc-3b">
         <name>.debug_pubtypes</name>
         <load_address>0xc27</load_address>
         <run_address>0xc27</run_address>
         <size>0x48</size>
         <input_file_ref idref="fl-e1"/>
      </object_component>
      <object_component id="oc-7d">
         <name>.debug_pubtypes</name>
         <load_address>0xc6f</load_address>
         <run_address>0xc6f</run_address>
         <size>0x1d</size>
         <input_file_ref idref="fl-e1"/>
      </object_component>
      <object_component id="oc-2b">
         <name>.debug_pubtypes</name>
         <load_address>0xc8c</load_address>
         <run_address>0xc8c</run_address>
         <size>0x5d</size>
         <input_file_ref idref="fl-e2"/>
      </object_component>
      <object_component id="oc-e0">
         <name>.debug_pubtypes</name>
         <load_address>0xce9</load_address>
         <run_address>0xce9</run_address>
         <size>0x48</size>
         <input_file_ref idref="fl-e2"/>
      </object_component>
      <object_component id="oc-76">
         <name>.debug_pubtypes</name>
         <load_address>0xd31</load_address>
         <run_address>0xd31</run_address>
         <size>0x35</size>
         <input_file_ref idref="fl-e2"/>
      </object_component>
      <object_component id="oc-17f">
         <name>.debug_pubtypes</name>
         <load_address>0xd66</load_address>
         <run_address>0xd66</run_address>
         <size>0x32</size>
         <input_file_ref idref="fl-e6"/>
      </object_component>
      <object_component id="oc-193">
         <name>.debug_pubtypes</name>
         <load_address>0xd98</load_address>
         <run_address>0xd98</run_address>
         <size>0x30</size>
         <input_file_ref idref="fl-e6"/>
      </object_component>
      <object_component id="oc-184">
         <name>.debug_pubtypes</name>
         <load_address>0xdc8</load_address>
         <run_address>0xdc8</run_address>
         <size>0x2c</size>
         <input_file_ref idref="fl-e6"/>
      </object_component>
      <object_component id="oc-189">
         <name>.debug_pubtypes</name>
         <load_address>0xdf4</load_address>
         <run_address>0xdf4</run_address>
         <size>0x50</size>
         <input_file_ref idref="fl-e6"/>
      </object_component>
   </object_component_list>
   <logical_group_list>
      <logical_group id="lg-3" display="no" color="cyan">
         <name>.intvecs</name>
         <load_address>0x0</load_address>
         <run_address>0x0</run_address>
         <size>0xe4</size>
         <contents>
            <object_component_ref idref="oc-23"/>
         </contents>
      </logical_group>
      <logical_group id="lg-4" display="no" color="cyan">
         <name>.text</name>
         <load_address>0xe4</load_address>
         <run_address>0xe4</run_address>
         <size>0xec2</size>
         <contents>
            <object_component_ref idref="oc-6a"/>
            <object_component_ref idref="oc-a2"/>
            <object_component_ref idref="oc-c0"/>
            <object_component_ref idref="oc-bb"/>
            <object_component_ref idref="oc-34"/>
            <object_component_ref idref="oc-14"/>
            <object_component_ref idref="oc-c5"/>
            <object_component_ref idref="oc-fb"/>
            <object_component_ref idref="oc-52"/>
            <object_component_ref idref="oc-b6"/>
            <object_component_ref idref="oc-40"/>
            <object_component_ref idref="oc-1a"/>
            <object_component_ref idref="oc-64"/>
            <object_component_ref idref="oc-90"/>
            <object_component_ref idref="oc-ef"/>
         </contents>
      </logical_group>
      <logical_group id="lg-5" display="no" color="cyan">
         <name>.const</name>
         <run_address>0x0</run_address>
         <size>0x0</size>
         <contents>
         </contents>
      </logical_group>
      <logical_group id="lg-6" display="no" color="cyan">
         <name>.cinit</name>
         <load_address>0xfa8</load_address>
         <run_address>0xfa8</run_address>
         <size>0x48</size>
         <contents>
            <object_component_ref idref="oc-1cd"/>
            <object_component_ref idref="oc-1cb"/>
            <object_component_ref idref="oc-1ce"/>
            <object_component_ref idref="oc-1cc"/>
         </contents>
      </logical_group>
      <logical_group id="lg-7" display="no" color="cyan">
         <name>.pinit</name>
         <run_address>0x0</run_address>
         <size>0x0</size>
         <contents>
         </contents>
      </logical_group>
      <logical_group id="lg-8" display="no" color="cyan">
         <name>.init_array</name>
         <run_address>0x0</run_address>
         <size>0x0</size>
         <contents>
         </contents>
      </logical_group>
      <logical_group id="lg-9" display="no" color="cyan">
         <name>.binit</name>
         <load_address>0x0</load_address>
         <run_address>0x0</run_address>
         <size>0x0</size>
         <contents>
            <object_component_ref idref="oc-1a0"/>
         </contents>
      </logical_group>
      <logical_group id="lg-a" display="no" color="cyan">
         <name>.flashMailbox</name>
         <run_address>0x0</run_address>
         <size>0x0</size>
         <contents>
         </contents>
      </logical_group>
      <logical_group id="lg-b" display="no" color="cyan">
         <name>.tlvTable</name>
         <run_address>0x0</run_address>
         <size>0x0</size>
         <contents>
         </contents>
      </logical_group>
      <logical_group id="lg-c" display="no" color="cyan">
         <name>.bslArea</name>
         <run_address>0x0</run_address>
         <size>0x0</size>
         <contents>
         </contents>
      </logical_group>
      <logical_group id="lg-d" display="no" color="cyan">
         <name>.vtable</name>
         <run_address>0x0</run_address>
         <size>0x0</size>
         <contents>
         </contents>
      </logical_group>
      <logical_group id="lg-e" display="no" color="cyan">
         <name>.data</name>
         <run_address>0x20000068</run_address>
         <size>0x20</size>
         <contents>
            <object_component_ref idref="oc-ad"/>
            <object_component_ref idref="oc-b0"/>
            <object_component_ref idref="oc-b3"/>
            <object_component_ref idref="oc-12d"/>
         </contents>
      </logical_group>
      <logical_group id="lg-f" display="no" color="cyan">
         <name>.bss</name>
         <run_address>0x20000000</run_address>
         <size>0x65</size>
         <contents>
            <object_component_ref idref="oc-ac"/>
            <object_component_ref idref="oc-a9"/>
            <object_component_ref idref="oc-cb"/>
            <object_component_ref idref="oc-cc"/>
            <object_component_ref idref="oc-ca"/>
         </contents>
      </logical_group>
      <logical_group id="lg-10" display="no" color="cyan">
         <name>.sysmem</name>
         <run_address>0x0</run_address>
         <size>0x0</size>
         <contents>
         </contents>
      </logical_group>
      <logical_group id="lg-11" display="no" color="cyan">
         <name>.stack</name>
         <run_address>0x2000fe00</run_address>
         <size>0x200</size>
         <contents>
            <object_component_ref idref="oc-26"/>
            <object_component_ref idref="oc-1cf"/>
         </contents>
      </logical_group>
      <logical_group id="lg-12" display="no" color="cyan">
         <name>.TI.ramfunc</name>
         <run_address>0x0</run_address>
         <size>0x0</size>
         <contents>
         </contents>
      </logical_group>
      <logical_group id="lg-19e" display="no" color="cyan">
         <name>.TI.noinit</name>
         <run_address>0x0</run_address>
         <size>0x0</size>
         <contents>
         </contents>
      </logical_group>
      <logical_group id="lg-19f" display="no" color="cyan">
         <name>.TI.persistent</name>
         <run_address>0x0</run_address>
         <size>0x0</size>
         <contents>
         </contents>
      </logical_group>
      <logical_group id="lg-1b3" display="never" color="cyan">
         <name>.debug_info</name>
         <load_address>0x0</load_address>
         <run_address>0x0</run_address>
         <size>0x8bab</size>
         <contents>
            <object_component_ref idref="oc-aa"/>
            <object_component_ref idref="oc-ae"/>
            <object_component_ref idref="oc-b1"/>
            <object_component_ref idref="oc-b4"/>
            <object_component_ref idref="oc-6b"/>
            <object_component_ref idref="oc-133"/>
            <object_component_ref idref="oc-138"/>
            <object_component_ref idref="oc-da"/>
            <object_component_ref idref="oc-ce"/>
            <object_component_ref idref="oc-147"/>
            <object_component_ref idref="oc-d3"/>
            <object_component_ref idref="oc-72"/>
            <object_component_ref idref="oc-24"/>
            <object_component_ref idref="oc-65"/>
            <object_component_ref idref="oc-2f"/>
            <object_component_ref idref="oc-12e"/>
            <object_component_ref idref="oc-a3"/>
            <object_component_ref idref="oc-c3"/>
[...]
         <unused_space>0x3f012</unused_space>
         <attributes>RX</attributes>
         <usage_details>
            <allocated_space>
               <start_address>0x0</start_address>
               <size>0x0</size>
               <logical_group_ref idref="lg-9"/>
            </allocated_space>
            <allocated_space>
               <start_address>0x0</start_address>
               <size>0xe4</size>
               <logical_group_ref idref="lg-3"/>
            </allocated_space>
            <allocated_space>
               <start_address>0xe4</start_address>
               <size>0xec2</size>
               <logical_group_ref idref="lg-4"/>
            </allocated_space>
            <available_space>
               <start_address>0xfa6</start_address>
               <size>0x2</size>
            </available_space>
            <allocated_space>
               <start_address>0xfa8</start_address>
               <size>0x48</size>
               <logical_group_ref idref="lg-6"/>
            </allocated_space>
            <available_space>
               <start_address>0xff0</start_address>
               <size>0x3f010</size>
            </available_space>
         </usage_details>
      </memory_area>
      <memory_area display="yes" color="green">
         <name>INFO</name>
         <page_id>0x0</page_id>
         <origin>0x200000</origin>
         <length>0x4000</length>
         <used_space>0x0</used_space>
         <unused_space>0x4000</unused_space>
         <attributes>RX</attributes>
         <usage_details>
         </usage_details>
      </memory_area>
      <memory_area display="yes" color="green">
         <name>SRAM_CODE</name>
         <page_id>0x0</page_id>
         <origin>0x1000000</origin>
         <length>0x10000</length>
         <used_space>0x285</used_space>
         <unused_space>0xfd7b</unused_space>
         <attributes>RWX</attributes>
         <usage_details>
            <allocated_space>
               <start_address>0x1000000</start_address>
               <size>0x65</size>
               <logical_group_ref idref="lg-f"/>
            </allocated_space>
            <available_space>
               <start_address>0x1000065</start_address>
               <size>0x3</size>
            </available_space>
            <allocated_space>
               <start_address>0x1000068</start_address>
               <size>0x20</size>
               <logical_group_ref idref="lg-e"/>
            </allocated_space>
            <available_space>
               <start_address>0x1000088</start_address>
               <size>0xfd78</size>
            </available_space>
            <allocated_space>
               <start_address>0x100fe00</start_address>
               <size>0x200</size>
               <logical_group_ref idref="lg-11"/>
            </allocated_space>
         </usage_details>
      </memory_area>
      <memory_area display="yes" color="green">
         <name>SRAM_DATA</name>
         <page_id>0x0</page_id>
         <origin>0x20000000</origin>
         <length>0x10000</length>
         <used_space>0x285</used_space>
         <unused_space>0xfd7b</unused_space>
         <attributes>RW</attributes>
         <usage_details>
            <allocated_space>
               <start_address>0x20000000</start_address>
               <size>0x65</size>
               <logical_group_ref idref="lg-f"/>
            </allocated_space>
            <available_space>
               <start_address>0x20000065</start_address>
               <size>0x3</size>
            </available_space>
            <allocated_space>
               <start_address>0x20000068</start_address>
               <size>0x20</size>
               <logical_group_ref idref="lg-e"/>
            </allocated_space>
            <available_space>
               <start_address>0x20000088</start_address>
               <size>0xfd78</size>
            </available_space>
            <allocated_space>
               <start_address>0x2000fe00</start_address>
               <size>0x200</size>
               <logical_group_ref idref="lg-11"/>
            </allocated_space>
         </usage_details>
      </memory_area>
   </placement_map>
   <cptbl_list>
      <cptbl>
         <name>__TI_cinit_table</name>
         <cprec>
            <name>.data</name>
            <load_address>0xfa8</load_address>
            <load_size>0x23</load_size>
            <run_address>0x20000068</run_address>
            <run_size>0x20</run_size>
            <compression>lzss</compression>
         </cprec>
         <cprec>
            <name>.bss</name>
            <load_address>0xfd8</load_address>
            <load_size>0x8</load_size>
            <run_address>0x20000000</run_address>
            <run_size>0x65</run_size>
            <compression>zero_init</compression>
         </cprec>
      </cptbl>
   </cptbl_list>
   <handler_table>
      <handler_table_name>__TI_handler_table</handler_table_name>
      <handler>
         <index>0x0</index>
         <name>__TI_decompress_lzss</name>
      </handler>
      <handler>
         <index>0x1</index>
         <name>__TI_decompress_none</name>
      </handler>
      <handler>
         <index>0x2</index>
         <name>__TI_zero_init</name>
      </handler>
   </handler_table>
   <symbol_table>
      <symbol id="sm-1">
         <name>WDTCTL_SYM</name>
         <value>0x4000480c</value>
      </symbol>
      <symbol id="sm-2">
         <name>__TI_CINIT_Base</name>
         <value>0xfe0</value>
      </symbol>
      <symbol id="sm-3">
         <name>__TI_CINIT_Limit</name>
         <value>0xff0</value>
      </symbol>
      <symbol id="sm-4">
         <name>__TI_Handler_Table_Base</name>
         <value>0xfcc</value>
      </symbol>
      <symbol id="sm-5">
         <name>__TI_Handler_Table_Limit</name>
         <value>0xfd8</value>
      </symbol>
      <symbol id="sm-6">
         <name>binit</name>
         <value>0xffffffff</value>
      </symbol>
      <symbol id="sm-7">
         <name>__binit__</name>
         <value>0xffffffff</value>
      </symbol>
      <symbol id="sm-8">
         <name>__STACK_SIZE</name>
         <value>0x200</value>
      </symbol>
      <symbol id="sm-9">
         <name>__STACK_END</name>
         <value>0x20010000</value>
      </symbol>
      <symbol id="sm-a">
         <name>__c_args__</name>
         <value>0xffffffff</value>
      </symbol>
      <symbol id="sm-b">
         <name>__TI_pprof_out_hndl</name>
         <value>0xffffffff</value>
      </symbol>
      <symbol id="sm-c">
         <name>__TI_prof_data_start</name>
         <value>0xffffffff</value>
      </symbol>
      <symbol id="sm-d">
         <name>__TI_prof_data_size</name>
         <value>0xffffffff</value>
      </symbol>
      <symbol id="sm-e0">
         <name>lightstrip</name>
         <value>0x20000000</value>
      </symbol>
      <symbol id="sm-e1">
         <name>i</name>
         <value>0x2000005c</value>
      </symbol>
      <symbol id="sm-e2">
         <name>rpm</name>
         <value>0x20000060</value>
      </symbol>
      <symbol id="sm-e3">
         <name>ledsON</name>
         <value>0x20000064</value>
      </symbol>
      <symbol id="sm-e4">
         <name>rpmCaptureValue</name>
         <value>0x20000062</value>
      </symbol>
      <symbol id="sm-e5">
         <name>rpmtoLS</name>
         <value>0x591</value>
         <object_component_ref idref="oc-6a"/>
      </symbol>
      <symbol id="sm-e6">
         <name>pinInit</name>
         <value>0x287</value>
         <object_component_ref idref="oc-6a"/>
      </symbol>
      <symbol id="sm-e7">
         <name>LSflash_flag</name>
         <value>0x2000007d</value>
         <object_component_ref idref="oc-ad"/>
      </symbol>
      <symbol id="sm-e8">
         <name>LSflag</name>
         <value>0x2000007e</value>
         <object_component_ref idref="oc-ad"/>
      </symbol>
      <symbol id="sm-e9">
         <name>sendSPIbyte</name>
         <value>0x48d</value>
         <object_component_ref idref="oc-6a"/>
      </symbol>
      <symbol id="sm-ea">
         <name>down_flag</name>
         <value>0x20000080</value>
         <object_component_ref idref="oc-ad"/>
      </symbol>
      <symbol id="sm-eb">
         <name>sysTickInit</name>
         <value>0x241</value>
         <object_component_ref idref="oc-6a"/>
      </symbol>
      <symbol id="sm-ec">
         <name>msDelay</name>
         <value>0x261</value>
         <object_component_ref idref="oc-6a"/>
      </symbol>
      <symbol id="sm-ed">
         <name>up_flag</name>
         <value>0x2000007f</value>
         <object_component_ref idref="oc-ad"/>
      </symbol>
      <symbol id="sm-ee">
         <name>sendLS_START</name>
         <value>0x4ad</value>
         <object_component_ref idref="oc-6a"/>
      </symbol>
      <symbol id="sm-ef">
         <name>gearON</name>
         <value>0x20000072</value>
         <object_component_ref idref="oc-b0"/>
      </symbol>
      <symbol id="sm-f0">
         <name>TA0_0_IRQHandler</name>
         <value>0x6e9</value>
         <object_component_ref idref="oc-6a"/>
      </symbol>
      <symbol id="sm-f1">
         <name>spiInit</name>
         <value>0x3dd</value>
         <object_component_ref idref="oc-6a"/>
      </symbol>
      <symbol id="sm-f2">
         <name>main</name>
         <value>0xe5</value>
         <object_component_ref idref="oc-6a"/>
      </symbol>
      <symbol id="sm-f3">
         <name>gearIndex</name>
         <value>0x2000007c</value>
         <object_component_ref idref="oc-ad"/>
      </symbol>
      <symbol id="sm-f4">
         <name>clearLS</name>
         <value>0x4f7</value>
         <object_component_ref idref="oc-6a"/>
      </symbol>
      <symbol id="sm-f5">
         <name>TA1_0_IRQHandler</name>
         <value>0x6a9</value>
         <object_component_ref idref="oc-6a"/>
      </symbol>
      <symbol id="sm-f6">
         <name>sendLS</name>
         <value>0x4c9</value>
         <object_component_ref idref="oc-6a"/>
      </symbol>
      <symbol id="sm-f7">
         <name>PORT6_IRQHandler</name>
         <value>0x739</value>
         <object_component_ref idref="oc-6a"/>
      </symbol>
      <symbol id="sm-f8">
         <name>gearOFF</name>
         <value>0x20000068</value>
         <object_component_ref idref="oc-b3"/>
      </symbol>
      <symbol id="sm-112">
         <name>Reset_Handler</name>
         <value>0xf91</value>
         <object_component_ref idref="oc-64"/>
      </symbol>
      <symbol id="sm-113">
         <name>Default_Handler</name>
         <value>0xf9d</value>
         <object_component_ref idref="oc-64"/>
      </symbol>
      <symbol id="sm-114">
         <name>interruptVectors</name>
         <value>0x0</value>
         <object_component_ref idref="oc-23"/>
      </symbol>
      <symbol id="sm-15c">
         <name>SystemInit</name>
         <value>0xa81</value>
         <object_component_ref idref="oc-a2"/>
      </symbol>
      <symbol id="sm-15d">
         <name>SystemCoreClockUpdate</name>
         <value>0x809</value>
         <object_component_ref idref="oc-a2"/>
      </symbol>
      <symbol id="sm-15e">
         <name>SystemCoreClock</name>
         <value>0x20000084</value>
         <object_component_ref idref="oc-12d"/>
      </symbol>
      <symbol id="sm-18c">
         <name>__aeabi_ddiv</name>
         <value>0xb3d</value>
         <object_component_ref idref="oc-c0"/>
      </symbol>
      <symbol id="sm-197">
         <name>__aeabi_dmul</name>
         <value>0xc73</value>
         <object_component_ref idref="oc-bb"/>
      </symbol>
      <symbol id="sm-1a1">
         <name>__aeabi_d2iz</name>
         <value>0xe73</value>
         <object_component_ref idref="oc-c5"/>
      </symbol>
      <symbol id="sm-1ac">
         <name>__aeabi_f2d</name>
         <value>0xf39</value>
         <object_component_ref idref="oc-b6"/>
      </symbol>
      <symbol id="sm-1c5">
         <name>__TI_zero_init_nomemset</name>
         <value>0xf71</value>
         <object_component_ref idref="oc-40"/>
      </symbol>
      <symbol id="sm-1dc">
         <name>__TI_decompress_none</name>
         <value>0xf83</value>
         <object_component_ref idref="oc-1a"/>
      </symbol>
      <symbol id="sm-1ff">
         <name>__TI_decompress_lzss</name>
         <value>0xe0b</value>
         <object_component_ref idref="oc-14"/>
      </symbol>
      <symbol id="sm-212">
         <name>__stack</name>
         <value>0x2000fe00</value>
         <object_component_ref idref="oc-26"/>
      </symbol>
      <symbol id="sm-213">
         <name>_c_int00_noargs</name>
         <value>0xf01</value>
         <object_component_ref idref="oc-52"/>
      </symbol>
      <symbol id="sm-22f">
         <name>memcpy</name>
         <value>0xd6f</value>
         <object_component_ref idref="oc-34"/>
      </symbol>
      <symbol id="sm-230">
         <name>__aeabi_memcpy</name>
         <value>0xd6f</value>
         <object_component_ref idref="oc-34"/>
      </symbol>
      <symbol id="sm-231">
         <name>__aeabi_memcpy8</name>
         <value>0xd6f</value>
         <object_component_ref idref="oc-34"/>
      </symbol>
      <symbol id="sm-232">
         <name>__aeabi_memcpy4</name>
         <value>0xd6f</value>
         <object_component_ref idref="oc-34"/>
      </symbol>
      <symbol id="sm-25a">
         <name>__TI_auto_init_nobinit_nopinit</name>
         <value>0xebd</value>
         <object_component_ref idref="oc-fb"/>
      </symbol>
      <symbol id="sm-264">
         <name>_system_pre_init</name>
         <value>0xf9f</value>
         <object_component_ref idref="oc-90"/>
      </symbol>
      <symbol id="sm-270">
         <name>C$$EXIT</name>
         <value>0xfa3</value>
         <object_component_ref idref="oc-ef"/>
      </symbol>
      <symbol id="sm-271">
         <name>abort</name>
         <value>0xfa3</value>
         <object_component_ref idref="oc-ef"/>
      </symbol>
      <symbol id="sm-274">
         <name>__TI_static_base__</name>
         <value>0x0</value>
      </symbol>
      <symbol id="sm-277">
         <name>__mpu_init</name>
         <value>0x0</value>
      </symbol>
      <symbol id="sm-278">
         <name>_system_post_cinit</name>
         <value>0x0</value>
      </symbol>
      <symbol id="sm-279">
         <name>NMI_Handler</name>
         <value>0xf9d</value>
      </symbol>
      <symbol id="sm-27a">
         <name>HardFault_Handler</name>
         <value>0xf9d</value>
      </symbol>
      <symbol id="sm-27b">
         <name>MemManage_Handler</name>
         <value>0xf9d</value>
      </symbol>
      <symbol id="sm-27c">
         <name>BusFault_Handler</name>
         <value>0xf9d</value>
      </symbol>
      <symbol id="sm-27d">
         <name>UsageFault_Handler</name>
         <value>0xf9d</value>
      </symbol>
      <symbol id="sm-27e">
         <name>SVC_Handler</name>
         <value>0xf9d</value>
      </symbol>
      <symbol id="sm-27f">
         <name>DebugMon_Handler</name>
         <value>0xf9d</value>
      </symbol>
      <symbol id="sm-280">
         <name>PendSV_Handler</name>
         <value>0xf9d</value>
      </symbol>
      <symbol id="sm-281">
         <name>SysTick_Handler</name>
         <value>0xf9d</value>
      </symbol>
      <symbol id="sm-282">
         <name>PSS_IRQHandler</name>
         <value>0xf9d</value>
      </symbol>
      <symbol id="sm-283">
         <name>CS_IRQHandler</name>
         <value>0xf9d</value>
      </symbol>
      <symbol id="sm-284">
         <name>PCM_IRQHandler</name>
         <value>0xf9d</value>
      </symbol>
      <symbol id="sm-285">
         <name>WDT_A_IRQHandler</name>
         <value>0xf9d</value>
      </symbol>
      <symbol id="sm-286">
         <name>FPU_IRQHandler</name>
         <value>0xf9d</value>
      </symbol>
      <symbol id="sm-287">
         <name>FLCTL_IRQHandler</name>
         <value>0xf9d</value>
      </symbol>
      <symbol id="sm-288">
         <name>COMP_E0_IRQHandler</name>
         <value>0xf9d</value>
      </symbol>
      <symbol id="sm-289">
         <name>COMP_E1_IRQHandler</name>
         <value>0xf9d</value>
      </symbol>
      <symbol id="sm-28a">
         <name>TA0_0_IRQHandler</name>
         <value>0x6e9</value>
      </symbol>
      <symbol id="sm-28b">
         <name>TA0_N_IRQHandler</name>
         <value>0xf9d</value>
      </symbol>
      <symbol id="sm-28c">
         <name>TA1_0_IRQHandler</name>
         <value>0x6a9</value>
      </symbol>
      <symbol id="sm-28d">
         <name>TA1_N_IRQHandler</name>
         <value>0xf9d</value>
      </symbol>
      <symbol id="sm-28e">
         <name>TA2_0_IRQHandler</name>
         <value>0xf9d</value>
      </symbol>
      <symbol id="sm-28f">
         <name>TA2_N_IRQHandler</name>
         <value>0xf9d</value>
      </symbol>
      <symbol id="sm-290">
         <name>TA3_0_IRQHandler</name>
         <value>0xf9d</value>
      </symbol>
      <symbol id="sm-291">
         <name>TA3_N_IRQHandler</name>
         <value>0xf9d</value>
      </symbol>
      <symbol id="sm-292">
         <name>EUSCIA0_IRQHandler</name>
         <value>0xf9d</value>
      </symbol>
      <symbol id="sm-293">
         <name>EUSCIA1_IRQHandler</name>
         <value>0xf9d</value>
      </symbol>
      <symbol id="sm-294">
         <name>EUSCIA2_IRQHandler</name>
         <value>0xf9d</value>
      </symbol>
      <symbol id="sm-295">
         <name>EUSCIA3_IRQHandler</name>
         <value>0xf9d</value>
      </symbol>
      <symbol id="sm-296">
         <name>EUSCIB0_IRQHandler</name>
         <value>0xf9d</value>
      </symbol>
      <symbol id="sm-297">
         <name>EUSCIB1_IRQHandler</name>
         <value>0xf9d</value>
      </symbol>
      <symbol id="sm-298">
         <name>EUSCIB2_IRQHandler</name>
         <value>0xf9d</value>
      </symbol>
      <symbol id="sm-299">
         <name>EUSCIB3_IRQHandler</name>
         <value>0xf9d</value>
      </symbol>
      <symbol id="sm-29a">
         <name>ADC14_IRQHandler</name>
         <value>0xf9d</value>
      </symbol>
      <symbol id="sm-29b">
         <name>T32_INT1_IRQHandler</name>
         <value>0xf9d</value>
      </symbol>
      <symbol id="sm-29c">
         <name>T32_INT2_IRQHandler</name>
         <value>0xf9d</value>
      </symbol>
      <symbol id="sm-29d">
         <name>T32_INTC_IRQHandler</name>
         <value>0xf9d</value>
      </symbol>
      <symbol id="sm-29e">
         <name>AES256_IRQHandler</name>
         <value>0xf9d</value>
      </symbol>
      <symbol id="sm-29f">
         <name>RTC_C_IRQHandler</name>
         <value>0xf9d</value>
      </symbol>
      <symbol id="sm-2a0">
         <name>DMA_ERR_IRQHandler</name>
         <value>0xf9d</value>
      </symbol>
      <symbol id="sm-2a1">
         <name>DMA_INT3_IRQHandler</name>
         <value>0xf9d</value>
      </symbol>
      <symbol id="sm-2a2">
         <name>DMA_INT2_IRQHandler</name>
         <value>0xf9d</value>
      </symbol>
      <symbol id="sm-2a3">
         <name>DMA_INT1_IRQHandler</name>
         <value>0xf9d</value>
      </symbol>
      <symbol id="sm-2a4">
         <name>DMA_INT0_IRQHandler</name>
         <value>0xf9d</value>
      </symbol>
      <symbol id="sm-2a5">
         <name>PORT1_IRQHandler</name>
         <value>0xf9d</value>
      </symbol>
      <symbol id="sm-2a6">
         <name>PORT2_IRQHandler</name>
         <value>0xf9d</value>
      </symbol>
      <symbol id="sm-2a7">
         <name>PORT3_IRQHandler</name>
         <value>0xf9d</value>
      </symbol>
      <symbol id="sm-2a8">
         <name>PORT4_IRQHandler</name>
         <value>0xf9d</value>
      </symbol>
      <symbol id="sm-2a9">
         <name>PORT5_IRQHandler</name>
         <value>0xf9d</value>
      </symbol>
      <symbol id="sm-2aa">
         <name>PORT6_IRQHandler</name>
         <value>0x739</value>
      </symbol>
   </symbol_table>
   <title>Link successful</title>
</link_info>
