******************************************************************************
                  TI ARM Linker PC v18.1.3                     
******************************************************************************
>> Linked Sun Jan 10 19:32:20 2021

OUTPUT FILE NAME:   <GVSU_LakerRacing_Dashboard.out>
ENTRY POINT SYMBOL: "_c_int00_noargs"  address: 00000f01


MEMORY CONFIGURATION

         name            origin    length      used     unused   attr    fill
----------------------  --------  ---------  --------  --------  ----  --------
  MAIN                  00000000   00040000  00000fee  0003f012  R  X
  INFO                  00200000   00004000  00000000  00004000  R  X
  SRAM_CODE             01000000   00010000  00000285  0000fd7b  RW X
  SRAM_DATA             20000000   00010000  00000285  0000fd7b  RW  


SEGMENT ALLOCATION MAP

run origin  load origin   length   init length attrs members
----------  ----------- ---------- ----------- ----- -------
00000000    00000000    00000ff0   00000ff0    r-x
  00000000    00000000    000000e4   000000e4    r-- .intvecs
  000000e4    000000e4    00000ec2   00000ec2    r-x .text
  00000fa8    00000fa8    00000048   00000048    r-- .cinit
20000000    20000000    00000088   00000000    rw-
  20000000    20000000    00000065   00000000    rw- .bss
  20000068    20000068    00000020   00000000    rw- .data
2000fe00    2000fe00    00000200   00000000    rw-
  2000fe00    2000fe00    00000200   00000000    rw- .stack


SECTION ALLOCATION MAP

 output                                  attributes/
section   page    origin      length       input sections
--------  ----  ----------  ----------   ----------------
.intvecs   0    00000000    000000e4     
                  00000000    000000e4     startup_msp432p401r_ccs.obj (.intvecs:retain)

.text      0    000000e4    00000ec2     
                  000000e4    00000724     main.obj (.text)
                  00000808    00000334     system_msp432p401r.obj (.text)
                  00000b3c    00000136     rtsv7M4_T_le_v4SPD16_eabi.lib : fd_div_t2.asm.obj (.text)
                  00000c72    000000fc                                   : fd_mul_t2.asm.obj (.text)
                  00000d6e    0000009c                                   : memcpy_t2.asm.obj (.text)
                  00000e0a    00000068                                   : copy_decompress_lzss.c.obj (.text:decompress:lzss:__TI_decompress_lzss)
                  00000e72    00000048                                   : fd_toi_t2.asm.obj (.text)
                  00000eba    00000002     --HOLE-- [fill = 0]
                  00000ebc    00000044                                   : autoinit.c.obj (.text:__TI_auto_init_nobinit_nopinit:__TI_auto_init_nobinit_nopinit)
                  00000f00    00000038                                   : boot_cortex_m.c.obj (.text:_c_int00_noargs:_c_int00_noargs)
                  00000f38    00000038                                   : fs_tod_t2.asm.obj (.text)
                  00000f70    00000012                                   : copy_zero_init.c.obj (.text:decompress:ZI:__TI_zero_init_nomemset:__TI_zero_init_nomemset)
                  00000f82    0000000e                                   : copy_decompress_none.c.obj (.text:decompress:none:__TI_decompress_none)
                  00000f90    0000000e     startup_msp432p401r_ccs.obj (.text)
                  00000f9e    00000004     rtsv7M4_T_le_v4SPD16_eabi.lib : pre_init.c.obj (.text:_system_pre_init)
                  00000fa2    00000004                                   : exit.c.obj (.text:abort:abort)

.cinit     0    00000fa8    00000048     
                  00000fa8    00000023     (.cinit..data.load) [load image, compression = lzss]
                  00000fcb    00000001     --HOLE-- [fill = 0]
                  00000fcc    0000000c     (__TI_handler_table)
                  00000fd8    00000008     (.cinit..bss.load) [load image, compression = zero_init]
                  00000fe0    00000010     (__TI_cinit_table)

.init_array 
*          0    00000000    00000000     UNINITIALIZED

.binit     0    00000000    00000000     

.bss       0    20000000    00000065     UNINITIALIZED
                  20000000    0000005c     (.common:lightstrip)
                  2000005c    00000004     (.common:i)
                  20000060    00000002     (.common:rpm)
                  20000062    00000002     (.common:rpmCaptureValue)
                  20000064    00000001     (.common:ledsON)

.data      0    20000068    00000020     UNINITIALIZED
                  20000068    0000000a     main.obj (.data:gearOFF)
                  20000072    0000000a     main.obj (.data:gearON)
                  2000007c    00000005     main.obj (.data)
                  20000081    00000003     --HOLE--
                  20000084    00000004     system_msp432p401r.obj (.data)

.stack     0    2000fe00    00000200     UNINITIALIZED
                  2000fe00    00000004     rtsv7M4_T_le_v4SPD16_eabi.lib : boot_cortex_m.c.obj (.stack)
                  2000fe04    000001fc     --HOLE--

MODULE SUMMARY

       Module                        code   ro data   rw data
       ------                        ----   -------   -------
    .\
       main.obj                      1828   0         252    
       system_msp432p401r.obj        820    0         8      
       startup_msp432p401r_ccs.obj   14     228       0      
    +--+-----------------------------+------+---------+---------+
       Total:                        2662   228       260    
                                                             
    C:\ti\ccsv8\tools\compiler\ti-cgt-arm_18.1.3.LTS\lib\rtsv7M4_T_le_v4SPD16_eabi.lib
       fd_div_t2.asm.obj             310    0         0      
       fd_mul_t2.asm.obj             252    0         0      
       memcpy_t2.asm.obj             156    0         0      
       copy_decompress_lzss.c.obj    104    0         0      
       fd_toi_t2.asm.obj             72     0         0      
       autoinit.c.obj                68     0         0      
       boot_cortex_m.c.obj           56     0         0      
       fs_tod_t2.asm.obj             56     0         0      
       copy_zero_init.c.obj          18     0         0      
       copy_decompress_none.c.obj    14     0         0      
       exit.c.obj                    4      0         0      
       pre_init.c.obj                4      0         0      
    +--+-----------------------------+------+---------+---------+
       Total:                        1114   0         0      
                                                             
       Stack:                        0      0         1024   
       Linker Generated:             0      71        0      
    +--+-----------------------------+------+---------+---------+
       Grand Total:                  3776   299       1284   


LINKER GENERATED COPY TABLES

__TI_cinit_table @ 00000fe0 records: 2, size/record: 8, table size: 16
	.data: load addr=00000fa8, load size=00000023 bytes, run addr=20000068, run size=00000020 bytes, compression=lzss
	.bss: load addr=00000fd8, load size=00000008 bytes, run addr=20000000, run size=00000065 bytes, compression=zero_init


LINKER GENERATED HANDLER TABLE

__TI_handler_table @ 00000fcc records: 3, size/record: 4, table size: 12
	index: 0, handler: __TI_decompress_lzss
	index: 1, handler: __TI_decompress_none
	index: 2, handler: __TI_zero_init


GLOBAL SYMBOLS: SORTED ALPHABETICALLY BY Name 

address   name                          
-------   ----                          
00000f9d  ADC14_IRQHandler              
00000f9d  AES256_IRQHandler             
00000f9d  BusFault_Handler              
00000fa3  C$$EXIT                       
00000f9d  COMP_E0_IRQHandler            
00000f9d  COMP_E1_IRQHandler            
00000f9d  CS_IRQHandler                 
00000f9d  DMA_ERR_IRQHandler            
00000f9d  DMA_INT0_IRQHandler           
00000f9d  DMA_INT1_IRQHandler           
00000f9d  DMA_INT2_IRQHandler           
00000f9d  DMA_INT3_IRQHandler           
00000f9d  DebugMon_Handler              
00000f9d  Default_Handler               
00000f9d  EUSCIA0_IRQHandler            
00000f9d  EUSCIA1_IRQHandler            
00000f9d  EUSCIA2_IRQHandler            
00000f9d  EUSCIA3_IRQHandler            
00000f9d  EUSCIB0_IRQHandler            
00000f9d  EUSCIB1_IRQHandler            
00000f9d  EUSCIB2_IRQHandler            
00000f9d  EUSCIB3_IRQHandler            
00000f9d  FLCTL_IRQHandler              
00000f9d  FPU_IRQHandler                
00000f9d  HardFault_Handler             
2000007e  LSflag                        
2000007d  LSflash_flag                  
00000f9d  MemManage_Handler             
00000f9d  NMI_Handler                   
00000f9d  PCM_IRQHandler                
00000f9d  PORT1_IRQHandler              
00000f9d  PORT2_IRQHandler              
00000f9d  PORT3_IRQHandler              
00000f9d  PORT4_IRQHandler              
00000f9d  PORT5_IRQHandler              
00000739  PORT6_IRQHandler              
00000739  PORT6_IRQHandler              
00000f9d  PSS_IRQHandler                
00000f9d  PendSV_Handler                
00000f9d  RTC_C_IRQHandler              
00000f91  Reset_Handler                 
00000f9d  SVC_Handler                   
00000f9d  SysTick_Handler               
20000084  SystemCoreClock               
00000809  SystemCoreClockUpdate         
00000a81  SystemInit                    
00000f9d  T32_INT1_IRQHandler           
00000f9d  T32_INT2_IRQHandler           
00000f9d  T32_INTC_IRQHandler           
000006e9  TA0_0_IRQHandler              
000006e9  TA0_0_IRQHandler              
00000f9d  TA0_N_IRQHandler              
000006a9  TA1_0_IRQHandler              
000006a9  TA1_0_IRQHandler              
00000f9d  TA1_N_IRQHandler              
00000f9d  TA2_0_IRQHandler              
00000f9d  TA2_N_IRQHandler              
00000f9d  TA3_0_IRQHandler              
00000f9d  TA3_N_IRQHandler              
00000f9d  UsageFault_Handler            
4000480c  WDTCTL_SYM                    
00000f9d  WDT_A_IRQHandler              
20010000  __STACK_END                   
00000200  __STACK_SIZE                  
00000fe0  __TI_CINIT_Base               
00000ff0  __TI_CINIT_Limit              
00000fcc  __TI_Handler_Table_Base       
00000fd8  __TI_Handler_Table_Limit      
00000ebd  __TI_auto_init_nobinit_nopinit
00000e0b  __TI_decompress_lzss          
00000f83  __TI_decompress_none          
ffffffff  __TI_pprof_out_hndl           
ffffffff  __TI_prof_data_size           
ffffffff  __TI_prof_data_start          
00000000  __TI_static_base__            
00000f71  __TI_zero_init_nomemset       
00000e73  __aeabi_d2iz                  
00000b3d  __aeabi_ddiv                  
00000c73  __aeabi_dmul                  
00000f39  __aeabi_f2d                   
00000d6f  __aeabi_memcpy                
00000d6f  __aeabi_memcpy4               
00000d6f  __aeabi_memcpy8               
ffffffff  __binit__                     
ffffffff  __c_args__                    
UNDEFED   __mpu_init                    
2000fe00  __stack                       
00000f01  _c_int00_noargs               
UNDEFED   _system_post_cinit            
00000f9f  _system_pre_init              
00000fa3  abort                         
ffffffff  binit                         
000004f7  clearLS                       
20000080  down_flag                     
2000007c  gearIndex                     
20000068  gearOFF                       
20000072  gearON                        
2000005c  i                             
00000000  interruptVectors              
20000064  ledsON                        
20000000  lightstrip                    
000000e5  main                          
00000d6f  memcpy                        
00000261  msDelay                       
00000287  pinInit                       
20000060  rpm                           
20000062  rpmCaptureValue               
00000591  rpmtoLS                       
000004c9  sendLS                        
000004ad  sendLS_START                  
0000048d  sendSPIbyte                   
000003dd  spiInit                       
00000241  sysTickInit                   
2000007f  up_flag                       


GLOBAL SYMBOLS: SORTED BY Symbol Address 

address   name                          
-------   ----                          
00000000  __TI_static_base__            
00000000  interruptVectors              
000000e5  main                          
00000200  __STACK_SIZE                  
00000241  sysTickInit                   
00000261  msDelay                       
00000287  pinInit                       
000003dd  spiInit                       
0000048d  sendSPIbyte                   
000004ad  sendLS_START                  
000004c9  sendLS                        
000004f7  clearLS                       
00000591  rpmtoLS                       
000006a9  TA1_0_IRQHandler              
000006a9  TA1_0_IRQHandler              
000006e9  TA0_0_IRQHandler              
000006e9  TA0_0_IRQHandler              
00000739  PORT6_IRQHandler              
00000739  PORT6_IRQHandler              
00000809  SystemCoreClockUpdate         
00000a81  SystemInit                    
00000b3d  __aeabi_ddiv                  
00000c73  __aeabi_dmul                  
00000d6f  __aeabi_memcpy                
00000d6f  __aeabi_memcpy4               
00000d6f  __aeabi_memcpy8               
00000d6f  memcpy                        
00000e0b  __TI_decompress_lzss          
00000e73  __aeabi_d2iz                  
00000ebd  __TI_auto_init_nobinit_nopinit
00000f01  _c_int00_noargs               
00000f39  __aeabi_f2d                   
00000f71  __TI_zero_init_nomemset       
00000f83  __TI_decompress_none          
00000f91  Reset_Handler                 
00000f9d  ADC14_IRQHandler              
00000f9d  AES256_IRQHandler             
00000f9d  BusFault_Handler              
00000f9d  COMP_E0_IRQHandler            
00000f9d  COMP_E1_IRQHandler            
00000f9d  CS_IRQHandler                 
00000f9d  DMA_ERR_IRQHandler            
00000f9d  DMA_INT0_IRQHandler           
00000f9d  DMA_INT1_IRQHandler           
00000f9d  DMA_INT2_IRQHandler           
00000f9d  DMA_INT3_IRQHandler           
00000f9d  DebugMon_Handler              
00000f9d  Default_Handler               
00000f9d  EUSCIA0_IRQHandler            
00000f9d  EUSCIA1_IRQHandler            
00000f9d  EUSCIA2_IRQHandler            
00000f9d  EUSCIA3_IRQHandler            
00000f9d  EUSCIB0_IRQHandler            
00000f9d  EUSCIB1_IRQHandler            
00000f9d  EUSCIB2_IRQHandler            
00000f9d  EUSCIB3_IRQHandler            
00000f9d  FLCTL_IRQHandler              
00000f9d  FPU_IRQHandler                
00000f9d  HardFault_Handler             
00000f9d  MemManage_Handler             
00000f9d  NMI_Handler                   
00000f9d  PCM_IRQHandler                
00000f9d  PORT1_IRQHandler              
00000f9d  PORT2_IRQHandler              
00000f9d  PORT3_IRQHandler              
00000f9d  PORT4_IRQHandler              
00000f9d  PORT5_IRQHandler              
00000f9d  PSS_IRQHandler                
00000f9d  PendSV_Handler                
00000f9d  RTC_C_IRQHandler              
00000f9d  SVC_Handler                   
00000f9d  SysTick_Handler               
00000f9d  T32_INT1_IRQHandler           
00000f9d  T32_INT2_IRQHandler           
00000f9d  T32_INTC_IRQHandler           
00000f9d  TA0_N_IRQHandler              
00000f9d  TA1_N_IRQHandler              
00000f9d  TA2_0_IRQHandler              
00000f9d  TA2_N_IRQHandler              
00000f9d  TA3_0_IRQHandler              
00000f9d  TA3_N_IRQHandler              
00000f9d  UsageFault_Handler            
00000f9d  WDT_A_IRQHandler              
00000f9f  _system_pre_init              
00000fa3  C$$EXIT                       
00000fa3  abort                         
00000fcc  __TI_Handler_Table_Base       
00000fd8  __TI_Handler_Table_Limit      
00000fe0  __TI_CINIT_Base               
00000ff0  __TI_CINIT_Limit              
20000000  lightstrip                    
2000005c  i                             
20000060  rpm                           
20000062  rpmCaptureValue               
20000064  ledsON                        
20000068  gearOFF                       
20000072  gearON                        
2000007c  gearIndex                     
2000007d  LSflash_flag                  
2000007e  LSflag                        
2000007f  up_flag                       
20000080  down_flag                     
20000084  SystemCoreClock               
2000fe00  __stack                       
20010000  __STACK_END                   
4000480c  WDTCTL_SYM                    
ffffffff  __TI_pprof_out_hndl           
ffffffff  __TI_prof_data_size           
ffffffff  __TI_prof_data_start          
ffffffff  __binit__                     
ffffffff  __c_args__                    
ffffffff  binit                         
UNDEFED   __mpu_init                    
UNDEFED   _system_post_cinit            

[114 symbols]
